Archive member included to satisfy reference by file (symbol)

C:/Users/jozle/.pico-sdk/toolchain/14_2_Rel1/bin/../lib/gcc/arm-none-eabi/14.2.1/thumb/v8-m.main+fp/softfp\libm.a(libm_a-wf_sqrt.o)
                              CMakeFiles/testWs2812.dir/C_/Users/jozle/.pico-sdk/sdk/2.2.0/src/rp2_common/pico_float/float_math.c.obj (sqrtf)
C:/Users/jozle/.pico-sdk/toolchain/14_2_Rel1/bin/../lib/gcc/arm-none-eabi/14.2.1/thumb/v8-m.main+fp/softfp\libm.a(libm_a-ef_sqrt.o)
                              C:/Users/jozle/.pico-sdk/toolchain/14_2_Rel1/bin/../lib/gcc/arm-none-eabi/14.2.1/thumb/v8-m.main+fp/softfp\libm.a(libm_a-wf_sqrt.o) (__ieee754_sqrtf)
C:/Users/jozle/.pico-sdk/toolchain/14_2_Rel1/bin/../lib/gcc/arm-none-eabi/14.2.1/thumb/v8-m.main+fp/softfp\libgcc.a(_arm_addsubdf3.o)
                              CMakeFiles/testWs2812.dir/C_/Users/jozle/.pico-sdk/sdk/2.2.0/src/rp2_common/pico_float/float_math.c.obj (__aeabi_f2d)
C:/Users/jozle/.pico-sdk/toolchain/14_2_Rel1/bin/../lib/gcc/arm-none-eabi/14.2.1/thumb/v8-m.main+fp/softfp\libgcc.a(_aeabi_ldivmod.o)
                              CMakeFiles/testWs2812.dir/C_/Users/jozle/.pico-sdk/sdk/2.2.0/src/common/pico_time/time.c.obj (__aeabi_ldivmod)
C:/Users/jozle/.pico-sdk/toolchain/14_2_Rel1/bin/../lib/gcc/arm-none-eabi/14.2.1/thumb/v8-m.main+fp/softfp\libgcc.a(_aeabi_uldivmod.o)
                              CMakeFiles/testWs2812.dir/C_/Users/jozle/.pico-sdk/sdk/2.2.0/src/rp2_common/hardware_clocks/clocks.c.obj (__aeabi_uldivmod)
C:/Users/jozle/.pico-sdk/toolchain/14_2_Rel1/bin/../lib/gcc/arm-none-eabi/14.2.1/thumb/v8-m.main+fp/softfp\libgcc.a(_udivmoddi4.o)
                              C:/Users/jozle/.pico-sdk/toolchain/14_2_Rel1/bin/../lib/gcc/arm-none-eabi/14.2.1/thumb/v8-m.main+fp/softfp\libgcc.a(_aeabi_ldivmod.o) (__udivmoddi4)
C:/Users/jozle/.pico-sdk/toolchain/14_2_Rel1/bin/../lib/gcc/arm-none-eabi/14.2.1/thumb/v8-m.main+fp/softfp\libgcc.a(_dvmd_tls.o)
                              C:/Users/jozle/.pico-sdk/toolchain/14_2_Rel1/bin/../lib/gcc/arm-none-eabi/14.2.1/thumb/v8-m.main+fp/softfp\libgcc.a(_aeabi_ldivmod.o) (__aeabi_ldiv0)
C:/Users/jozle/.pico-sdk/toolchain/14_2_Rel1/bin/../lib/gcc/arm-none-eabi/14.2.1/thumb/v8-m.main+fp/softfp\libg.a(libc_a-calloc.o)
                              CMakeFiles/testWs2812.dir/C_/Users/jozle/.pico-sdk/sdk/2.2.0/src/rp2_common/pico_malloc/malloc.c.obj (calloc)
C:/Users/jozle/.pico-sdk/toolchain/14_2_Rel1/bin/../lib/gcc/arm-none-eabi/14.2.1/thumb/v8-m.main+fp/softfp\libg.a(libc_a-callocr.o)
                              C:/Users/jozle/.pico-sdk/toolchain/14_2_Rel1/bin/../lib/gcc/arm-none-eabi/14.2.1/thumb/v8-m.main+fp/softfp\libg.a(libc_a-calloc.o) (_calloc_r)
C:/Users/jozle/.pico-sdk/toolchain/14_2_Rel1/bin/../lib/gcc/arm-none-eabi/14.2.1/thumb/v8-m.main+fp/softfp\libg.a(libc_a-malloc.o)
                              CMakeFiles/testWs2812.dir/C_/Users/jozle/.pico-sdk/sdk/2.2.0/src/rp2_common/pico_malloc/malloc.c.obj (malloc)
C:/Users/jozle/.pico-sdk/toolchain/14_2_Rel1/bin/../lib/gcc/arm-none-eabi/14.2.1/thumb/v8-m.main+fp/softfp\libg.a(libc_a-mallocr.o)
                              C:/Users/jozle/.pico-sdk/toolchain/14_2_Rel1/bin/../lib/gcc/arm-none-eabi/14.2.1/thumb/v8-m.main+fp/softfp\libg.a(libc_a-callocr.o) (_malloc_r)
C:/Users/jozle/.pico-sdk/toolchain/14_2_Rel1/bin/../lib/gcc/arm-none-eabi/14.2.1/thumb/v8-m.main+fp/softfp\libg.a(libc_a-mlock.o)
                              C:/Users/jozle/.pico-sdk/toolchain/14_2_Rel1/bin/../lib/gcc/arm-none-eabi/14.2.1/thumb/v8-m.main+fp/softfp\libg.a(libc_a-mallocr.o) (__malloc_lock)
C:/Users/jozle/.pico-sdk/toolchain/14_2_Rel1/bin/../lib/gcc/arm-none-eabi/14.2.1/thumb/v8-m.main+fp/softfp\libg.a(libc_a-realloc.o)
                              CMakeFiles/testWs2812.dir/C_/Users/jozle/.pico-sdk/sdk/2.2.0/src/rp2_common/pico_malloc/malloc.c.obj (realloc)
C:/Users/jozle/.pico-sdk/toolchain/14_2_Rel1/bin/../lib/gcc/arm-none-eabi/14.2.1/thumb/v8-m.main+fp/softfp\libg.a(libc_a-reallocr.o)
                              C:/Users/jozle/.pico-sdk/toolchain/14_2_Rel1/bin/../lib/gcc/arm-none-eabi/14.2.1/thumb/v8-m.main+fp/softfp\libg.a(libc_a-realloc.o) (_realloc_r)
C:/Users/jozle/.pico-sdk/toolchain/14_2_Rel1/bin/../lib/gcc/arm-none-eabi/14.2.1/thumb/v8-m.main+fp/softfp\libg.a(libc_a-memcmp.o)
                              CMakeFiles/testWs2812.dir/C_/Users/jozle/.pico-sdk/sdk/2.2.0/src/rp2_common/pico_atomic/atomic.c.obj (memcmp)
C:/Users/jozle/.pico-sdk/toolchain/14_2_Rel1/bin/../lib/gcc/arm-none-eabi/14.2.1/thumb/v8-m.main+fp/softfp\libg.a(libc_a-memmove.o)
                              C:/Users/jozle/.pico-sdk/toolchain/14_2_Rel1/bin/../lib/gcc/arm-none-eabi/14.2.1/thumb/v8-m.main+fp/softfp\libg.a(libc_a-reallocr.o) (memmove)
C:/Users/jozle/.pico-sdk/toolchain/14_2_Rel1/bin/../lib/gcc/arm-none-eabi/14.2.1/thumb/v8-m.main+fp/softfp\libg.a(libc_a-memset.o)
[...]
Memory Configuration

Name             Origin             Length             Attributes
FLASH            0x10000000         0x00400000         xr
RAM              0x20000000         0x00080000         xrw
SCRATCH_X        0x20080000         0x00001000         xrw
SCRATCH_Y        0x20081000         0x00001000         xrw
*default*        0x00000000         0xffffffff

Linker script and memory map

LOAD C:/Users/jozle/.pico-sdk/toolchain/14_2_Rel1/bin/../lib/gcc/arm-none-eabi/14.2.1/thumb/v8-m.main+fp/softfp/crti.o
LOAD C:/Users/jozle/.pico-sdk/toolchain/14_2_Rel1/bin/../lib/gcc/arm-none-eabi/14.2.1/thumb/v8-m.main+fp/softfp/crtbegin.o
LOAD C:/Users/jozle/.pico-sdk/toolchain/14_2_Rel1/bin/../lib/gcc/arm-none-eabi/14.2.1/thumb/v8-m.main+fp/softfp/crt0.o

.flash_begin    0x10000000        0x0
                0x10000000                        __flash_binary_start = .

.text           0x10000000     0x4770
                0x10000000                        __logical_binary_start = .
 *(.vectors)
 .vectors       0x10000000      0x124 CMakeFiles/testWs2812.dir/C_/Users/jozle/.pico-sdk/sdk/2.2.0/src/rp2_common/pico_crt0/crt0.S.obj
                0x10000000                __VECTOR_TABLE
                0x10000000                __vectors
                0x10000110                __unhandled_user_irq
                0x10000110                isr_irq49
                0x10000110                isr_irq13
                0x10000110                isr_irq43
                0x10000110                isr_irq45
                0x10000110                isr_irq27
                0x10000110                isr_irq32
                0x10000110                isr_irq31
                0x10000110                isr_irq12
                0x10000110                isr_irq5
                0x10000110                isr_irq11
                0x10000110                isr_irq3
                0x10000110                isr_irq23
                0x10000110                isr_usagefault
                0x10000110                isr_irq48
                0x10000110                isr_irq30
                0x10000110                isr_irq18
                0x10000110                isr_irq50
                0x10000110                isr_irq33
                0x10000110                isr_irq40
                0x10000110                isr_irq28
                0x10000110                isr_irq19
                0x10000110                isr_irq36
                0x10000110                isr_irq41
                0x10000110                isr_irq0
                0x10000110                isr_irq6
                0x10000110                isr_irq26
                0x10000110                isr_irq29
                0x10000110                isr_memmanage
                0x10000110                isr_irq37
                0x10000110                isr_irq42
                0x10000110                isr_irq22
                0x10000110                isr_irq35
                0x10000110                isr_irq17
                0x10000110                isr_irq38
                0x10000110                isr_irq14
                0x10000110                __vectors_end
                0x10000110                __default_isrs_start
                0x10000110                isr_irq2
                0x10000110                isr_irq10
                0x10000110                isr_irq8
                0x10000110                isr_debugmonitor
                0x10000110                isr_irq24
                0x10000110                isr_irq46
                0x10000110                isr_irq1
                0x10000110                isr_irq47
                0x10000110                isr_irq51
                0x10000110                isr_irq7
                0x10000110                isr_irq21
                0x10000110                isr_irq39
                0x10000110                isr_irq20
                0x10000110                isr_irq15
                0x10000110                isr_irq25
                0x10000110                isr_irq34
                0x10000110                isr_irq44
                0x10000110                isr_securefault
                0x10000110                isr_irq4
                0x10000110                isr_busfault
                0x10000110                isr_irq16
                0x10000110                isr_irq9
                0x10000116                unhandled_user_irq_num_in_r0
                0x10000118                isr_invalid
                0x1000011a                isr_nmi
                0x1000011c                isr_hardfault
                0x1000011e                isr_svcall
                0x10000120                isr_pendsv
                0x10000122                isr_systick
                0x10000124                __default_isrs_end
 *(.binary_info_header)
 .binary_info_header
                0x10000124       0x14 CMakeFiles/testWs2812.dir/C_/Users/jozle/.pico-sdk/sdk/2.2.0/src/rp2_common/pico_crt0/crt0.S.obj
                0x10000138                        __binary_info_header_end = .
 *(.embedded_block)
 .embedded_block
                0x10000138       0x14 CMakeFiles/testWs2812.dir/C_/Users/jozle/.pico-sdk/sdk/2.2.0/src/rp2_common/pico_crt0/crt0.S.obj
                0x1000014c                        __embedded_block_end = .
 *(.reset)
 .reset         0x1000014c       0x98 CMakeFiles/testWs2812.dir/C_/Users/jozle/.pico-sdk/sdk/2.2.0/src/rp2_common/pico_crt0/crt0.S.obj
                0x1000014c                _entry_point
 *(.init)
 .init          0x100001e4        0x4 C:/Users/jozle/.pico-sdk/toolchain/14_2_Rel1/bin/../lib/gcc/arm-none-eabi/14.2.1/thumb/v8-m.main+fp/softfp/crti.o
                0x100001e4                _init
 SORT_BY_NAME(REVERSE(*libgcc.a:cmse_nonsecure_call.o))()
 *(EXCLUDE_FILE(*libm.a: *libc.a:*lib_a-mem*.o *libgcc.a:) .text*)
 .text.register_tm_clones
                0x100001e8       0x28 C:/Users/jozle/.pico-sdk/toolchain/14_2_Rel1/bin/../lib/gcc/arm-none-eabi/14.2.1/thumb/v8-m.main+fp/softfp/crtbegin.o
 .text.frame_dummy
                0x10000210       0x24 C:/Users/jozle/.pico-sdk/toolchain/14_2_Rel1/bin/../lib/gcc/arm-none-eabi/14.2.1/thumb/v8-m.main+fp/softfp/crtbegin.o
 .text.startup.main
                0x10000234      0x240 CMakeFiles/testWs2812.dir/main.c.obj
                0x10000234                main
 .text.gpio_set_function
                0x10000474       0x3c CMakeFiles/testWs2812.dir/C_/Users/jozle/.pico-sdk/sdk/2.2.0/src/rp2_common/hardware_gpio/gpio.c.obj
                0x10000474                gpio_set_function
 .text.gpio_init
                0x100004b0       0x48 CMakeFiles/testWs2812.dir/C_/Users/jozle/.pico-sdk/sdk/2.2.0/src/rp2_common/hardware_gpio/gpio.c.obj
                0x100004b0                gpio_init
 .text.panic    0x100004f8       0x30 CMakeFiles/testWs2812.dir/C_/Users/jozle/.pico-sdk/sdk/2.2.0/src/rp2_common/pico_platform_panic/panic.c.obj
                0x100004f8                panic
 .text.hw_claim_lock
                0x10000528       0x24 CMakeFiles/testWs2812.dir/C_/Users/jozle/.pico-sdk/sdk/2.2.0/src/common/hardware_claim/claim.c.obj
                0x10000528                hw_claim_lock
 .text.hw_claim_unlock
                0x1000054c       0x14 CMakeFiles/testWs2812.dir/C_/Users/jozle/.pico-sdk/sdk/2.2.0/src/common/hardware_claim/claim.c.obj
                0x1000054c                hw_claim_unlock
 .text.hw_claim_or_assert
                0x10000560       0x58 CMakeFiles/testWs2812.dir/C_/Users/jozle/.pico-sdk/sdk/2.2.0/src/common/hardware_claim/claim.c.obj
                0x10000560                hw_claim_or_assert
 .text.hw_claim_unused_from_range
                0x100005b8       0x80 CMakeFiles/testWs2812.dir/C_/Users/jozle/.pico-sdk/sdk/2.2.0/src/common/hardware_claim/claim.c.obj
                0x100005b8                hw_claim_unused_from_range
 .text.next_striped_spin_lock_num
                0x10000638       0x18 CMakeFiles/testWs2812.dir/C_/Users/jozle/.pico-sdk/sdk/2.2.0/src/rp2_common/hardware_sync/sync.c.obj
                0x10000638                next_striped_spin_lock_num
 .text.spin_lock_claim_unused
                0x10000650       0x20 CMakeFiles/testWs2812.dir/C_/Users/jozle/.pico-sdk/sdk/2.2.0/src/rp2_common/hardware_sync/sync.c.obj
                0x10000650                spin_lock_claim_unused
 .text.spinlock_set_extexclall
                0x10000670       0x10 CMakeFiles/testWs2812.dir/C_/Users/jozle/.pico-sdk/sdk/2.2.0/src/rp2_common/hardware_sync_spin_lock/sync_spin_lock.c.obj
 .text.spin_locks_reset
                0x10000680       0x18 CMakeFiles/testWs2812.dir/C_/Users/jozle/.pico-sdk/sdk/2.2.0/src/rp2_common/hardware_sync_spin_lock/sync_spin_lock.c.obj
                0x10000680                spin_locks_reset
 .text.runtime_init_per_core_irq_priorities
                0x10000698       0x40 CMakeFiles/testWs2812.dir/C_/Users/jozle/.pico-sdk/sdk/2.2.0/src/rp2_common/hardware_irq/irq.c.obj
                0x10000698                runtime_init_per_core_irq_priorities
 .text.irq_set_enabled
                0x100006d8       0x2c CMakeFiles/testWs2812.dir/C_/Users/jozle/.pico-sdk/sdk/2.2.0/src/rp2_common/hardware_irq/irq.c.obj
                0x100006d8                irq_set_enabled
 .text.irq_is_enabled
                0x10000704       0x20 CMakeFiles/testWs2812.dir/C_/Users/jozle/.pico-sdk/sdk/2.2.0/src/rp2_common/hardware_irq/irq.c.obj
                0x10000704                irq_is_enabled
 .text.irq_set_pending
                0x10000724       0x18 CMakeFiles/testWs2812.dir/C_/Users/jozle/.pico-sdk/sdk/2.2.0/src/rp2_common/hardware_irq/irq.c.obj
                0x10000724                irq_set_pending
 .text.irq_has_shared_handler
                0x1000073c       0x20 CMakeFiles/testWs2812.dir/C_/Users/jozle/.pico-sdk/sdk/2.2.0/src/rp2_common/hardware_irq/irq.c.obj
                0x1000073c                irq_has_shared_handler
 .text.irq_set_exclusive_handler
                0x1000075c       0x60 CMakeFiles/testWs2812.dir/C_/Users/jozle/.pico-sdk/sdk/2.2.0/src/rp2_common/hardware_irq/irq.c.obj
                0x1000075c                irq_set_exclusive_handler
 .text.irq_add_shared_handler
                0x100007bc      0x1e8 CMakeFiles/testWs2812.dir/C_/Users/jozle/.pico-sdk/sdk/2.2.0/src/rp2_common/hardware_irq/irq.c.obj
                0x100007bc                irq_add_shared_handler
 .text.irq_add_tail_to_free_list
                0x100009a4       0xbc CMakeFiles/testWs2812.dir/C_/Users/jozle/.pico-sdk/sdk/2.2.0/src/rp2_common/hardware_irq/irq.c.obj
                0x100009a4                irq_add_tail_to_free_list
 .text.user_irq_claim_unused
                0x10000a60       0x28 CMakeFiles/testWs2812.dir/C_/Users/jozle/.pico-sdk/sdk/2.2.0/src/rp2_common/hardware_irq/irq.c.obj
                0x10000a60                user_irq_claim_unused
 .text.lock_init
                0x10000a88        0xc CMakeFiles/testWs2812.dir/C_/Users/jozle/.pico-sdk/sdk/2.2.0/src/common/pico_sync/lock_core.c.obj
                0x10000a88                lock_init
 .text.runtime_init_mutex
                0x10000a94       0x4c CMakeFiles/testWs2812.dir/C_/Users/jozle/.pico-sdk/sdk/2.2.0/src/common/pico_sync/mutex.c.obj
                0x10000a94                runtime_init_mutex
 .text.mutex_init
                0x10000ae0       0x1c CMakeFiles/testWs2812.dir/C_/Users/jozle/.pico-sdk/sdk/2.2.0/src/common/pico_sync/mutex.c.obj
                0x10000ae0                mutex_init
 .text.critical_section_init
                0x10000afc       0x1c CMakeFiles/testWs2812.dir/C_/Users/jozle/.pico-sdk/sdk/2.2.0/src/common/pico_sync/critical_section.c.obj
                0x10000afc                critical_section_init
 .text.critical_section_init_with_lock_num
                0x10000b18       0x10 CMakeFiles/testWs2812.dir/C_/Users/jozle/.pico-sdk/sdk/2.2.0/src/common/pico_sync/critical_section.c.obj
                0x10000b18                critical_section_init_with_lock_num
 .text.sleep_until_callback
                0x10000b28       0x3c CMakeFiles/testWs2812.dir/C_/Users/jozle/.pico-sdk/sdk/2.2.0/src/common/pico_time/time.c.obj
 *fill*         0x10000b64        0x4 
 .text.alarm_pool_irq_handler
                0x10000b68      0x2f0 CMakeFiles/testWs2812.dir/C_/Users/jozle/.pico-sdk/sdk/2.2.0/src/common/pico_time/time.c.obj
 .text.runtime_init_default_alarm_pool
                0x10000e58      0x100 CMakeFiles/testWs2812.dir/C_/Users/jozle/.pico-sdk/sdk/2.2.0/src/common/pico_time/time.c.obj
                0x10000e58                runtime_init_default_alarm_pool
 .text.alarm_pool_get_default
                0x10000f58        0x8 CMakeFiles/testWs2812.dir/C_/Users/jozle/.pico-sdk/sdk/2.2.0/src/common/pico_time/time.c.obj
                0x10000f58                alarm_pool_get_default
 .text.alarm_pool_add_alarm_at
                0x10000f60       0xdc CMakeFiles/testWs2812.dir/C_/Users/jozle/.pico-sdk/sdk/2.2.0/src/common/pico_time/time.c.obj
                0x10000f60                alarm_pool_add_alarm_at
 .text.alarm_pool_add_alarm_at_force_in_context
                0x1000103c       0xc8 CMakeFiles/testWs2812.dir/C_/Users/jozle/.pico-sdk/sdk/2.2.0/src/common/pico_time/time.c.obj
                0x1000103c                alarm_pool_add_alarm_at_force_in_context
 .text.alarm_pool_cancel_alarm
                0x10001104       0x80 CMakeFiles/testWs2812.dir/C_/Users/jozle/.pico-sdk/sdk/2.2.0/src/common/pico_time/time.c.obj
                0x10001104                alarm_pool_cancel_alarm
 .text.alarm_pool_core_num
                0x10001184        0x4 CMakeFiles/testWs2812.dir/C_/Users/jozle/.pico-sdk/sdk/2.2.0/src/common/pico_time/time.c.obj
                0x10001184                alarm_pool_core_num
 .text.sleep_ms
                0x10001188       0xdc CMakeFiles/testWs2812.dir/C_/Users/jozle/.pico-sdk/sdk/2.2.0/src/common/pico_time/time.c.obj
                0x10001188                sleep_ms
 .text.best_effort_wfe_or_timeout
                0x10001264       0xd4 CMakeFiles/testWs2812.dir/C_/Users/jozle/.pico-sdk/sdk/2.2.0/src/common/pico_time/time.c.obj
                0x10001264                best_effort_wfe_or_timeout
 .text.timer_hardware_alarm_claim
                0x10001338       0x24 CMakeFiles/testWs2812.dir/C_/Users/jozle/.pico-sdk/sdk/2.2.0/src/rp2_common/hardware_timer/timer.c.obj
                0x10001338                timer_hardware_alarm_claim
 .text.timer_time_us_64
                0x1000135c       0x10 CMakeFiles/testWs2812.dir/C_/Users/jozle/.pico-sdk/sdk/2.2.0/src/rp2_common/hardware_timer/timer.c.obj
                0x1000135c                timer_time_us_64
 .text.time_us_64
                0x1000136c       0x14 CMakeFiles/testWs2812.dir/C_/Users/jozle/.pico-sdk/sdk/2.2.0/src/rp2_common/hardware_timer/timer.c.obj
                0x1000136c                time_us_64
 .text.busy_wait_until
                0x10001380       0x24 CMakeFiles/testWs2812.dir/C_/Users/jozle/.pico-sdk/sdk/2.2.0/src/rp2_common/hardware_timer/timer.c.obj
                0x10001380                busy_wait_until
 .text.clock_configure_undivided
                0x100013a4       0xd0 CMakeFiles/testWs2812.dir/C_/Users/jozle/.pico-sdk/sdk/2.2.0/src/rp2_common/hardware_clocks/clocks.c.obj
                0x100013a4                clock_configure_undivided
 .text.clock_get_hz
                0x10001474        0xc CMakeFiles/testWs2812.dir/C_/Users/jozle/.pico-sdk/sdk/2.2.0/src/rp2_common/hardware_clocks/clocks.c.obj
                0x10001474                clock_get_hz
 .text.pll_init
                0x10001480       0x8c CMakeFiles/testWs2812.dir/C_/Users/jozle/.pico-sdk/sdk/2.2.0/src/rp2_common/hardware_pll/pll.c.obj
                0x10001480                pll_init
 .text.watchdog_reboot
                0x1000150c       0x98 CMakeFiles/testWs2812.dir/C_/Users/jozle/.pico-sdk/sdk/2.2.0/src/rp2_common/hardware_watchdog/watchdog.c.obj
                0x1000150c                watchdog_reboot
 .text.tick_start
                0x100015a4       0x18 CMakeFiles/testWs2812.dir/C_/Users/jozle/.pico-sdk/sdk/2.2.0/src/rp2_common/hardware_ticks/ticks.c.obj
                0x100015a4                tick_start
 .text.rom_reboot.constprop.0.isra.0
                0x100015bc       0x34 CMakeFiles/testWs2812.dir/C_/Users/jozle/.pico-sdk/sdk/2.2.0/src/rp2_common/pico_bootrom/bootrom.c.obj
 .text.rom_func_lookup
                0x100015f0       0x18 CMakeFiles/testWs2812.dir/C_/Users/jozle/.pico-sdk/sdk/2.2.0/src/rp2_common/pico_bootrom/bootrom.c.obj
                0x100015f0                rom_func_lookup
 .text.rom_reset_usb_boot_extra
                0x10001608       0x1c CMakeFiles/testWs2812.dir/C_/Users/jozle/.pico-sdk/sdk/2.2.0/src/rp2_common/pico_bootrom/bootrom.c.obj
                0x10001608                rom_reset_usb_boot_extra
 .text.runtime_init_bootrom_locking_enable
                0x10001624       0x14 CMakeFiles/testWs2812.dir/C_/Users/jozle/.pico-sdk/sdk/2.2.0/src/rp2_common/pico_bootrom/bootrom_lock.c.obj
                0x10001624                runtime_init_bootrom_locking_enable
 .text.runtime_init_boot_locks_reset
                0x10001638       0x1c CMakeFiles/testWs2812.dir/C_/Users/jozle/.pico-sdk/sdk/2.2.0/src/rp2_common/hardware_boot_lock/boot_lock.c.obj
                0x10001638                runtime_init_boot_locks_reset
 .text.xosc_init
                0x10001654       0x30 CMakeFiles/testWs2812.dir/C_/Users/jozle/.pico-sdk/sdk/2.2.0/src/rp2_common/hardware_xosc/xosc.c.obj
                0x10001654                xosc_init
 .text.first_per_core_initializer
                0x10001684        0x4 CMakeFiles/testWs2812.dir/C_/Users/jozle/.pico-sdk/sdk/2.2.0/src/rp2_common/pico_runtime/runtime.c.obj
 .text.hard_assertion_failure
                0x10001688        0xc CMakeFiles/testWs2812.dir/C_/Users/jozle/.pico-sdk/sdk/2.2.0/src/rp2_common/pico_runtime/runtime.c.obj
                0x10001688                hard_assertion_failure
 .text.runtime_run_initializers
                0x10001694       0x20 CMakeFiles/testWs2812.dir/C_/Users/jozle/.pico-sdk/sdk/2.2.0/src/rp2_common/pico_runtime/runtime.c.obj
                0x10001694                runtime_run_initializers
 .text.runtime_init_early_resets
                0x100016b4       0x34 CMakeFiles/testWs2812.dir/C_/Users/jozle/.pico-sdk/sdk/2.2.0/src/rp2_common/pico_runtime_init/runtime_init.c.obj
                0x100016b4                runtime_init_early_resets
 .text.runtime_init_usb_power_down
                0x100016e8       0x1c CMakeFiles/testWs2812.dir/C_/Users/jozle/.pico-sdk/sdk/2.2.0/src/rp2_common/pico_runtime_init/runtime_init.c.obj
                0x100016e8                runtime_init_usb_power_down
 .text.runtime_init_per_core_enable_coprocessors
                0x10001704       0x1c CMakeFiles/testWs2812.dir/C_/Users/jozle/.pico-sdk/sdk/2.2.0/src/rp2_common/pico_runtime_init/runtime_init.c.obj
                0x10001704                runtime_init_per_core_enable_coprocessors
 .text.runtime_init_post_clock_resets
                0x10001720       0x20 CMakeFiles/testWs2812.dir/C_/Users/jozle/.pico-sdk/sdk/2.2.0/src/rp2_common/pico_runtime_init/runtime_init.c.obj
                0x10001720                runtime_init_post_clock_resets
 .text.runtime_init_bootrom_reset
                0x10001740       0x14 CMakeFiles/testWs2812.dir/C_/Users/jozle/.pico-sdk/sdk/2.2.0/src/rp2_common/pico_runtime_init/runtime_init.c.obj
                0x10001740                runtime_init_bootrom_reset
 .text.runtime_init_per_core_bootrom_reset
                0x10001754       0x14 CMakeFiles/testWs2812.dir/C_/Users/jozle/.pico-sdk/sdk/2.2.0/src/rp2_common/pico_runtime_init/runtime_init.c.obj
                0x10001754                runtime_init_per_core_bootrom_reset
 .text.runtime_init_spin_locks_reset
                0x10001768        0x4 CMakeFiles/testWs2812.dir/C_/Users/jozle/.pico-sdk/sdk/2.2.0/src/rp2_common/pico_runtime_init/runtime_init.c.obj
                0x10001768                runtime_init_spin_locks_reset
 .text.runtime_init_install_ram_vector_table
                0x1000176c       0x68 CMakeFiles/testWs2812.dir/C_/Users/jozle/.pico-sdk/sdk/2.2.0/src/rp2_common/pico_runtime_init/runtime_init.c.obj
                0x1000176c                runtime_init_install_ram_vector_table
 .text.runtime_init_clocks
                0x100017d4       0xdc CMakeFiles/testWs2812.dir/C_/Users/jozle/.pico-sdk/sdk/2.2.0/src/rp2_common/pico_runtime_init/runtime_init_clocks.c.obj
                0x100017d4                runtime_init_clocks
 .text._out_char
                0x100018b0        0x8 CMakeFiles/testWs2812.dir/C_/Users/jozle/.pico-sdk/sdk/2.2.0/src/rp2_common/pico_printf/printf.c.obj
 .text.weak_raw_vprintf
                0x100018b8       0x30 CMakeFiles/testWs2812.dir/C_/Users/jozle/.pico-sdk/sdk/2.2.0/src/rp2_common/pico_printf/printf.c.obj
                0x100018b8                weak_raw_vprintf
 .text._exit    0x100018e8        0x4 CMakeFiles/testWs2812.dir/C_/Users/jozle/.pico-sdk/sdk/2.2.0/src/rp2_common/pico_clib_interface/newlib_interface.c.obj
                0x100018e8                _exit
 .text.exit     0x100018ec        0x8 CMakeFiles/testWs2812.dir/C_/Users/jozle/.pico-sdk/sdk/2.2.0/src/rp2_common/pico_clib_interface/newlib_interface.c.obj
                0x100018ec                exit
 .text.runtime_init
                0x100018f4       0x24 CMakeFiles/testWs2812.dir/C_/Users/jozle/.pico-sdk/sdk/2.2.0/src/rp2_common/pico_clib_interface/newlib_interface.c.obj
                0x100018f4                runtime_init
 .text.stdio_out_chars_no_crlf
                0x10001918        0x8 CMakeFiles/testWs2812.dir/C_/Users/jozle/.pico-sdk/sdk/2.2.0/src/rp2_common/pico_stdio/stdio.c.obj
 .text.stdio_out_chars_crlf
                0x10001920       0xb0 CMakeFiles/testWs2812.dir/C_/Users/jozle/.pico-sdk/sdk/2.2.0/src/rp2_common/pico_stdio/stdio.c.obj
 .text.stdio_put_string
                0x100019d0       0xec CMakeFiles/testWs2812.dir/C_/Users/jozle/.pico-sdk/sdk/2.2.0/src/rp2_common/pico_stdio/stdio.c.obj
                0x100019d0                stdio_put_string
 .text.stdio_set_driver_enabled
                0x10001abc       0x28 CMakeFiles/testWs2812.dir/C_/Users/jozle/.pico-sdk/sdk/2.2.0/src/rp2_common/pico_stdio/stdio.c.obj
                0x10001abc                stdio_set_driver_enabled
 .text.stdio_init_all
                0x10001ae4        0x4 CMakeFiles/testWs2812.dir/C_/Users/jozle/.pico-sdk/sdk/2.2.0/src/rp2_common/pico_stdio/stdio.c.obj
                0x10001ae4                stdio_init_all
 .text.__wrap_putchar
                0x10001ae8       0x84 CMakeFiles/testWs2812.dir/C_/Users/jozle/.pico-sdk/sdk/2.2.0/src/rp2_common/pico_stdio/stdio.c.obj
                0x10001ae8                __wrap_putchar
                0x10001ae8                stdio_putchar
 .text.__wrap_puts
                0x10001b6c       0x3c CMakeFiles/testWs2812.dir/C_/Users/jozle/.pico-sdk/sdk/2.2.0/src/rp2_common/pico_stdio/stdio.c.obj
                0x10001b6c                stdio_puts
                0x10001b6c                __wrap_puts
 .text.resetd_init
                0x10001ba8        0x4 CMakeFiles/testWs2812.dir/C_/Users/jozle/.pico-sdk/sdk/2.2.0/src/rp2_common/pico_stdio_usb/reset_interface.c.obj
 .text.resetd_reset
                0x10001bac        0xc CMakeFiles/testWs2812.dir/C_/Users/jozle/.pico-sdk/sdk/2.2.0/src/rp2_common/pico_stdio_usb/reset_interface.c.obj
 .text.resetd_open
                0x10001bb8       0x28 CMakeFiles/testWs2812.dir/C_/Users/jozle/.pico-sdk/sdk/2.2.0/src/rp2_common/pico_stdio_usb/reset_interface.c.obj
 .text.resetd_xfer_cb
                0x10001be0        0x4 CMakeFiles/testWs2812.dir/C_/Users/jozle/.pico-sdk/sdk/2.2.0/src/rp2_common/pico_stdio_usb/reset_interface.c.obj
 .text.resetd_control_xfer_cb
                0x10001be4       0x50 CMakeFiles/testWs2812.dir/C_/Users/jozle/.pico-sdk/sdk/2.2.0/src/rp2_common/pico_stdio_usb/reset_interface.c.obj
 .text.tud_descriptor_bos_cb
                0x10001c34        0x8 CMakeFiles/testWs2812.dir/C_/Users/jozle/.pico-sdk/sdk/2.2.0/src/rp2_common/pico_stdio_usb/reset_interface.c.obj
                0x10001c34                tud_descriptor_bos_cb
 .text.tud_vendor_control_xfer_cb
                0x10001c3c       0x28 CMakeFiles/testWs2812.dir/C_/Users/jozle/.pico-sdk/sdk/2.2.0/src/rp2_common/pico_stdio_usb/reset_interface.c.obj
                0x10001c3c                tud_vendor_control_xfer_cb
 .text.usbd_app_driver_get_cb
                0x10001c64       0x10 CMakeFiles/testWs2812.dir/C_/Users/jozle/.pico-sdk/sdk/2.2.0/src/rp2_common/pico_stdio_usb/reset_interface.c.obj
                0x10001c64                usbd_app_driver_get_cb
 .text.tud_cdc_line_coding_cb
                0x10001c74       0x18 CMakeFiles/testWs2812.dir/C_/Users/jozle/.pico-sdk/sdk/2.2.0/src/rp2_common/pico_stdio_usb/reset_interface.c.obj
                0x10001c74                tud_cdc_line_coding_cb
 .text.stdio_usb_set_chars_available_callback
                0x10001c8c       0x14 CMakeFiles/testWs2812.dir/C_/Users/jozle/.pico-sdk/sdk/2.2.0/src/rp2_common/pico_stdio_usb/stdio_usb.c.obj
                0x10001c8c                stdio_usb_set_chars_available_callback
 .text.timer_task
                0x10001ca0       0x70 CMakeFiles/testWs2812.dir/C_/Users/jozle/.pico-sdk/sdk/2.2.0/src/rp2_common/pico_stdio_usb/stdio_usb.c.obj
 .text.usb_irq  0x10001d10        0xc CMakeFiles/testWs2812.dir/C_/Users/jozle/.pico-sdk/sdk/2.2.0/src/rp2_common/pico_stdio_usb/stdio_usb.c.obj
 .text.stdio_usb_in_chars
                0x10001d1c       0x88 CMakeFiles/testWs2812.dir/C_/Users/jozle/.pico-sdk/sdk/2.2.0/src/rp2_common/pico_stdio_usb/stdio_usb.c.obj
                0x10001d1c                stdio_usb_in_chars
 .text.stdio_usb_out_flush
                0x10001da4       0x54 CMakeFiles/testWs2812.dir/C_/Users/jozle/.pico-sdk/sdk/2.2.0/src/rp2_common/pico_stdio_usb/stdio_usb.c.obj
 .text.stdio_usb_out_chars
                0x10001df8       0xf4 CMakeFiles/testWs2812.dir/C_/Users/jozle/.pico-sdk/sdk/2.2.0/src/rp2_common/pico_stdio_usb/stdio_usb.c.obj
 .text.low_priority_worker_irq
                0x10001eec       0xd8 CMakeFiles/testWs2812.dir/C_/Users/jozle/.pico-sdk/sdk/2.2.0/src/rp2_common/pico_stdio_usb/stdio_usb.c.obj
 .text.stdio_usb_init
                0x10001fc4       0xe8 CMakeFiles/testWs2812.dir/C_/Users/jozle/.pico-sdk/sdk/2.2.0/src/rp2_common/pico_stdio_usb/stdio_usb.c.obj
                0x10001fc4                stdio_usb_init
 .text.tud_descriptor_device_cb
                0x100020ac        0x8 CMakeFiles/testWs2812.dir/C_/Users/jozle/.pico-sdk/sdk/2.2.0/src/rp2_common/pico_stdio_usb/stdio_usb_descriptors.c.obj
                0x100020ac                tud_descriptor_device_cb
 .text.tud_descriptor_configuration_cb
                0x100020b4        0x8 CMakeFiles/testWs2812.dir/C_/Users/jozle/.pico-sdk/sdk/2.2.0/src/rp2_common/pico_stdio_usb/stdio_usb_descriptors.c.obj
                0x100020b4                tud_descriptor_configuration_cb
 .text.tud_descriptor_string_cb
                0x100020bc       0x70 CMakeFiles/testWs2812.dir/C_/Users/jozle/.pico-sdk/sdk/2.2.0/src/rp2_common/pico_stdio_usb/stdio_usb_descriptors.c.obj
                0x100020bc                tud_descriptor_string_cb
 .text.startup._retrieve_unique_id_on_boot
                0x1000212c       0x30 CMakeFiles/testWs2812.dir/C_/Users/jozle/.pico-sdk/sdk/2.2.0/src/rp2_common/pico_unique_id/unique_id.c.obj
 .text.pico_get_unique_board_id_string
                0x1000215c      0x184 CMakeFiles/testWs2812.dir/C_/Users/jozle/.pico-sdk/sdk/2.2.0/src/rp2_common/pico_unique_id/unique_id.c.obj
                0x1000215c                pico_get_unique_board_id_string
 .text.dcd_init
                0x100022e0       0x8c CMakeFiles/testWs2812.dir/C_/Users/jozle/.pico-sdk/sdk/2.2.0/lib/tinyusb/src/portable/raspberrypi/rp2040/dcd_rp2040.c.obj
                0x100022e0                dcd_init
 .text.dcd_int_enable
                0x1000236c        0x8 CMakeFiles/testWs2812.dir/C_/Users/jozle/.pico-sdk/sdk/2.2.0/lib/tinyusb/src/portable/raspberrypi/rp2040/dcd_rp2040.c.obj
                0x1000236c                dcd_int_enable
 .text.dcd_set_address
                0x10002374       0x10 CMakeFiles/testWs2812.dir/C_/Users/jozle/.pico-sdk/sdk/2.2.0/lib/tinyusb/src/portable/raspberrypi/rp2040/dcd_rp2040.c.obj
                0x10002374                dcd_set_address
 .text.dcd_sof_enable
                0x10002384       0x1c CMakeFiles/testWs2812.dir/C_/Users/jozle/.pico-sdk/sdk/2.2.0/lib/tinyusb/src/portable/raspberrypi/rp2040/dcd_rp2040.c.obj
                0x10002384                dcd_sof_enable
 .text.dcd_edpt0_status_complete
                0x100023a0       0x1c CMakeFiles/testWs2812.dir/C_/Users/jozle/.pico-sdk/sdk/2.2.0/lib/tinyusb/src/portable/raspberrypi/rp2040/dcd_rp2040.c.obj
                0x100023a0                dcd_edpt0_status_complete
 .text.dcd_edpt_open
                0x100023bc      0x104 CMakeFiles/testWs2812.dir/C_/Users/jozle/.pico-sdk/sdk/2.2.0/lib/tinyusb/src/portable/raspberrypi/rp2040/dcd_rp2040.c.obj
                0x100023bc                dcd_edpt_open
 .text.dcd_edpt_close_all
                0x100024c0        0x4 CMakeFiles/testWs2812.dir/C_/Users/jozle/.pico-sdk/sdk/2.2.0/lib/tinyusb/src/portable/raspberrypi/rp2040/dcd_rp2040.c.obj
                0x100024c0                dcd_edpt_close_all
 .text.dcd_edpt_xfer
                0x100024c4       0x28 CMakeFiles/testWs2812.dir/C_/Users/jozle/.pico-sdk/sdk/2.2.0/lib/tinyusb/src/portable/raspberrypi/rp2040/dcd_rp2040.c.obj
                0x100024c4                dcd_edpt_xfer
 .text.dcd_edpt_stall
                0x100024ec       0x30 CMakeFiles/testWs2812.dir/C_/Users/jozle/.pico-sdk/sdk/2.2.0/lib/tinyusb/src/portable/raspberrypi/rp2040/dcd_rp2040.c.obj
                0x100024ec                dcd_edpt_stall
 .text.dcd_edpt_clear_stall
                0x1000251c       0x24 CMakeFiles/testWs2812.dir/C_/Users/jozle/.pico-sdk/sdk/2.2.0/lib/tinyusb/src/portable/raspberrypi/rp2040/dcd_rp2040.c.obj
                0x1000251c                dcd_edpt_clear_stall
 .text.rp2040_usb_init
                0x10002540       0x40 CMakeFiles/testWs2812.dir/C_/Users/jozle/.pico-sdk/sdk/2.2.0/lib/tinyusb/src/portable/raspberrypi/rp2040/rp2040_usb.c.obj
                0x10002540                rp2040_usb_init
 .text.hw_endpoint_xfer_start
                0x10002580       0x40 CMakeFiles/testWs2812.dir/C_/Users/jozle/.pico-sdk/sdk/2.2.0/lib/tinyusb/src/portable/raspberrypi/rp2040/rp2040_usb.c.obj
                0x10002580                hw_endpoint_xfer_start
 .text.configuration_reset
                0x100025c0       0x8c CMakeFiles/testWs2812.dir/C_/Users/jozle/.pico-sdk/sdk/2.2.0/lib/tinyusb/src/device/usbd.c.obj
 .text.tud_event_hook_cb
                0x1000264c        0x4 CMakeFiles/testWs2812.dir/C_/Users/jozle/.pico-sdk/sdk/2.2.0/lib/tinyusb/src/device/usbd.c.obj
                0x1000264c                tud_event_hook_cb
 .text.tud_sof_cb
                0x10002650        0x4 CMakeFiles/testWs2812.dir/C_/Users/jozle/.pico-sdk/sdk/2.2.0/lib/tinyusb/src/device/usbd.c.obj
                0x10002650                tud_sof_cb
 .text.tud_descriptor_device_qualifier_cb
                0x10002654        0x4 CMakeFiles/testWs2812.dir/C_/Users/jozle/.pico-sdk/sdk/2.2.0/lib/tinyusb/src/device/usbd.c.obj
                0x10002654                tud_descriptor_device_qualifier_cb
 .text.tud_descriptor_other_speed_configuration_cb
                0x10002658        0x4 CMakeFiles/testWs2812.dir/C_/Users/jozle/.pico-sdk/sdk/2.2.0/lib/tinyusb/src/device/usbd.c.obj
                0x10002658                tud_descriptor_other_speed_configuration_cb
 .text.tud_mount_cb
                0x1000265c        0x4 CMakeFiles/testWs2812.dir/C_/Users/jozle/.pico-sdk/sdk/2.2.0/lib/tinyusb/src/device/usbd.c.obj
                0x1000265c                tud_mount_cb
 .text.tud_umount_cb
                0x10002660        0x4 CMakeFiles/testWs2812.dir/C_/Users/jozle/.pico-sdk/sdk/2.2.0/lib/tinyusb/src/device/usbd.c.obj
                0x10002660                tud_umount_cb
 .text.tud_suspend_cb
                0x10002664        0x4 CMakeFiles/testWs2812.dir/C_/Users/jozle/.pico-sdk/sdk/2.2.0/lib/tinyusb/src/device/usbd.c.obj
                0x10002664                tud_suspend_cb
 .text.tud_resume_cb
                0x10002668        0x4 CMakeFiles/testWs2812.dir/C_/Users/jozle/.pico-sdk/sdk/2.2.0/lib/tinyusb/src/device/usbd.c.obj
                0x10002668                tud_resume_cb
 .text.tud_mounted
                0x1000266c       0x10 CMakeFiles/testWs2812.dir/C_/Users/jozle/.pico-sdk/sdk/2.2.0/lib/tinyusb/src/device/usbd.c.obj
                0x1000266c                tud_mounted
 .text.tud_suspended
                0x1000267c       0x10 CMakeFiles/testWs2812.dir/C_/Users/jozle/.pico-sdk/sdk/2.2.0/lib/tinyusb/src/device/usbd.c.obj
                0x1000267c                tud_suspended
 .text.tud_rhport_init
                0x1000268c       0xf4 CMakeFiles/testWs2812.dir/C_/Users/jozle/.pico-sdk/sdk/2.2.0/lib/tinyusb/src/device/usbd.c.obj
                0x1000268c                tud_rhport_init
 .text.tud_task_ext
                0x10002780      0x784 CMakeFiles/testWs2812.dir/C_/Users/jozle/.pico-sdk/sdk/2.2.0/lib/tinyusb/src/device/usbd.c.obj
                0x10002780                tud_task_ext
 .text.usbd_open_edpt_pair
                0x10002f04       0x9c CMakeFiles/testWs2812.dir/C_/Users/jozle/.pico-sdk/sdk/2.2.0/lib/tinyusb/src/device/usbd.c.obj
                0x10002f04                usbd_open_edpt_pair
 .text.usbd_edpt_open
                0x10002fa0       0x44 CMakeFiles/testWs2812.dir/C_/Users/jozle/.pico-sdk/sdk/2.2.0/lib/tinyusb/src/device/usbd.c.obj
                0x10002fa0                usbd_edpt_open
 .text.usbd_edpt_claim
                0x10002fe4       0x24 CMakeFiles/testWs2812.dir/C_/Users/jozle/.pico-sdk/sdk/2.2.0/lib/tinyusb/src/device/usbd.c.obj
                0x10002fe4                usbd_edpt_claim
 .text.usbd_edpt_release
                0x10003008       0x24 CMakeFiles/testWs2812.dir/C_/Users/jozle/.pico-sdk/sdk/2.2.0/lib/tinyusb/src/device/usbd.c.obj
                0x10003008                usbd_edpt_release
 .text.usbd_edpt_xfer
                0x1000302c       0x70 CMakeFiles/testWs2812.dir/C_/Users/jozle/.pico-sdk/sdk/2.2.0/lib/tinyusb/src/device/usbd.c.obj
                0x1000302c                usbd_edpt_xfer
 .text.tud_control_status
                0x1000309c       0x34 CMakeFiles/testWs2812.dir/C_/Users/jozle/.pico-sdk/sdk/2.2.0/lib/tinyusb/src/device/usbd_control.c.obj
                0x1000309c                tud_control_status
 .text.tud_control_xfer
                0x100030d0       0xb0 CMakeFiles/testWs2812.dir/C_/Users/jozle/.pico-sdk/sdk/2.2.0/lib/tinyusb/src/device/usbd_control.c.obj
                0x100030d0                tud_control_xfer
 .text.usbd_control_reset
                0x10003180       0x14 CMakeFiles/testWs2812.dir/C_/Users/jozle/.pico-sdk/sdk/2.2.0/lib/tinyusb/src/device/usbd_control.c.obj
                0x10003180                usbd_control_reset
 .text.usbd_control_set_complete_callback
                0x10003194        0xc CMakeFiles/testWs2812.dir/C_/Users/jozle/.pico-sdk/sdk/2.2.0/lib/tinyusb/src/device/usbd_control.c.obj
                0x10003194                usbd_control_set_complete_callback
 .text.usbd_control_set_request
                0x100031a0       0x1c CMakeFiles/testWs2812.dir/C_/Users/jozle/.pico-sdk/sdk/2.2.0/lib/tinyusb/src/device/usbd_control.c.obj
                0x100031a0                usbd_control_set_request
 .text.usbd_control_xfer_cb
                0x100031bc      0x100 CMakeFiles/testWs2812.dir/C_/Users/jozle/.pico-sdk/sdk/2.2.0/lib/tinyusb/src/device/usbd_control.c.obj
                0x100031bc                usbd_control_xfer_cb
 .text._prep_out_transaction.isra.0
                0x100032bc       0x74 CMakeFiles/testWs2812.dir/C_/Users/jozle/.pico-sdk/sdk/2.2.0/lib/tinyusb/src/class/cdc/cdc_device.c.obj
 .text.tud_cdc_n_connected
                0x10003330       0x2c CMakeFiles/testWs2812.dir/C_/Users/jozle/.pico-sdk/sdk/2.2.0/lib/tinyusb/src/class/cdc/cdc_device.c.obj
                0x10003330                tud_cdc_n_connected
 .text.tud_cdc_n_available
                0x1000335c       0x14 CMakeFiles/testWs2812.dir/C_/Users/jozle/.pico-sdk/sdk/2.2.0/lib/tinyusb/src/class/cdc/cdc_device.c.obj
                0x1000335c                tud_cdc_n_available
 .text.tud_cdc_n_read
                0x10003370       0x90 CMakeFiles/testWs2812.dir/C_/Users/jozle/.pico-sdk/sdk/2.2.0/lib/tinyusb/src/class/cdc/cdc_device.c.obj
                0x10003370                tud_cdc_n_read
 .text.tud_cdc_n_write_flush
                0x10003400       0x8c CMakeFiles/testWs2812.dir/C_/Users/jozle/.pico-sdk/sdk/2.2.0/lib/tinyusb/src/class/cdc/cdc_device.c.obj
                0x10003400                tud_cdc_n_write_flush
 .text.tud_cdc_n_write
                0x1000348c       0x40 CMakeFiles/testWs2812.dir/C_/Users/jozle/.pico-sdk/sdk/2.2.0/lib/tinyusb/src/class/cdc/cdc_device.c.obj
                0x1000348c                tud_cdc_n_write
 .text.tud_cdc_n_write_available
                0x100034cc       0x14 CMakeFiles/testWs2812.dir/C_/Users/jozle/.pico-sdk/sdk/2.2.0/lib/tinyusb/src/class/cdc/cdc_device.c.obj
                0x100034cc                tud_cdc_n_write_available
 .text.cdcd_init
                0x100034e0       0x70 CMakeFiles/testWs2812.dir/C_/Users/jozle/.pico-sdk/sdk/2.2.0/lib/tinyusb/src/class/cdc/cdc_device.c.obj
                0x100034e0                cdcd_init
 .text.cdcd_deinit
                0x10003550       0x30 CMakeFiles/testWs2812.dir/C_/Users/jozle/.pico-sdk/sdk/2.2.0/lib/tinyusb/src/class/cdc/cdc_device.c.obj
                0x10003550                cdcd_deinit
 .text.cdcd_reset
                0x10003580       0x4c CMakeFiles/testWs2812.dir/C_/Users/jozle/.pico-sdk/sdk/2.2.0/lib/tinyusb/src/class/cdc/cdc_device.c.obj
                0x10003580                cdcd_reset
 .text.cdcd_open
                0x100035cc       0xc0 CMakeFiles/testWs2812.dir/C_/Users/jozle/.pico-sdk/sdk/2.2.0/lib/tinyusb/src/class/cdc/cdc_device.c.obj
                0x100035cc                cdcd_open
 .text.cdcd_control_xfer_cb
                0x1000368c       0xc0 CMakeFiles/testWs2812.dir/C_/Users/jozle/.pico-sdk/sdk/2.2.0/lib/tinyusb/src/class/cdc/cdc_device.c.obj
                0x1000368c                cdcd_control_xfer_cb
 .text.cdcd_xfer_cb
                0x1000374c       0xf8 CMakeFiles/testWs2812.dir/C_/Users/jozle/.pico-sdk/sdk/2.2.0/lib/tinyusb/src/class/cdc/cdc_device.c.obj
                0x1000374c                cdcd_xfer_cb
 .text.vendord_init
                0x10003844       0x5c CMakeFiles/testWs2812.dir/C_/Users/jozle/.pico-sdk/sdk/2.2.0/lib/tinyusb/src/class/vendor/vendor_device.c.obj
                0x10003844                vendord_init
 .text.vendord_deinit
                0x100038a0       0x1c CMakeFiles/testWs2812.dir/C_/Users/jozle/.pico-sdk/sdk/2.2.0/lib/tinyusb/src/class/vendor/vendor_device.c.obj
                0x100038a0                vendord_deinit
 .text.vendord_reset
                0x100038bc       0x24 CMakeFiles/testWs2812.dir/C_/Users/jozle/.pico-sdk/sdk/2.2.0/lib/tinyusb/src/class/vendor/vendor_device.c.obj
                0x100038bc                vendord_reset
 .text.vendord_open
                0x100038e0       0xf4 CMakeFiles/testWs2812.dir/C_/Users/jozle/.pico-sdk/sdk/2.2.0/lib/tinyusb/src/class/vendor/vendor_device.c.obj
                0x100038e0                vendord_open
 .text.vendord_xfer_cb
                0x100039d4       0x88 CMakeFiles/testWs2812.dir/C_/Users/jozle/.pico-sdk/sdk/2.2.0/lib/tinyusb/src/class/vendor/vendor_device.c.obj
                0x100039d4                vendord_xfer_cb
 .text.tusb_rhport_init
                0x10003a5c       0x64 CMakeFiles/testWs2812.dir/C_/Users/jozle/.pico-sdk/sdk/2.2.0/lib/tinyusb/src/tusb.c.obj
                0x10003a5c                tusb_rhport_init
 .text.tu_edpt_claim
                0x10003ac0       0x54 CMakeFiles/testWs2812.dir/C_/Users/jozle/.pico-sdk/sdk/2.2.0/lib/tinyusb/src/tusb.c.obj
                0x10003ac0                tu_edpt_claim
 .text.tu_edpt_release
                0x10003b14       0x38 CMakeFiles/testWs2812.dir/C_/Users/jozle/.pico-sdk/sdk/2.2.0/lib/tinyusb/src/tusb.c.obj
                0x10003b14                tu_edpt_release
 .text.tu_edpt_validate
                0x10003b4c       0x60 CMakeFiles/testWs2812.dir/C_/Users/jozle/.pico-sdk/sdk/2.2.0/lib/tinyusb/src/tusb.c.obj
                0x10003b4c                tu_edpt_validate
 .text.tu_edpt_bind_driver
                0x10003bac       0x58 CMakeFiles/testWs2812.dir/C_/Users/jozle/.pico-sdk/sdk/2.2.0/lib/tinyusb/src/tusb.c.obj
                0x10003bac                tu_edpt_bind_driver
 .text.tu_edpt_stream_init
                0x10003c04       0x58 CMakeFiles/testWs2812.dir/C_/Users/jozle/.pico-sdk/sdk/2.2.0/lib/tinyusb/src/tusb.c.obj
                0x10003c04                tu_edpt_stream_init
 .text.tu_edpt_stream_deinit
                0x10003c5c        0x4 CMakeFiles/testWs2812.dir/C_/Users/jozle/.pico-sdk/sdk/2.2.0/lib/tinyusb/src/tusb.c.obj
                0x10003c5c                tu_edpt_stream_deinit
 .text.tu_edpt_stream_write_zlp_if_needed
                0x10003c60       0x68 CMakeFiles/testWs2812.dir/C_/Users/jozle/.pico-sdk/sdk/2.2.0/lib/tinyusb/src/tusb.c.obj
                0x10003c60                tu_edpt_stream_write_zlp_if_needed
 .text.tu_edpt_stream_write_xfer
                0x10003cc8       0x70 CMakeFiles/testWs2812.dir/C_/Users/jozle/.pico-sdk/sdk/2.2.0/lib/tinyusb/src/tusb.c.obj
                0x10003cc8                tu_edpt_stream_write_xfer
 .text.tu_edpt_stream_read_xfer
                0x10003d38       0xc8 CMakeFiles/testWs2812.dir/C_/Users/jozle/.pico-sdk/sdk/2.2.0/lib/tinyusb/src/tusb.c.obj
                0x10003d38                tu_edpt_stream_read_xfer
 .text.tu_fifo_config
                0x10003e00       0x60 CMakeFiles/testWs2812.dir/C_/Users/jozle/.pico-sdk/sdk/2.2.0/lib/tinyusb/src/common/tusb_fifo.c.obj
                0x10003e00                tu_fifo_config
 .text.tu_fifo_count
                0x10003e60       0x20 CMakeFiles/testWs2812.dir/C_/Users/jozle/.pico-sdk/sdk/2.2.0/lib/tinyusb/src/common/tusb_fifo.c.obj
                0x10003e60                tu_fifo_count
 .text.tu_fifo_empty
                0x10003e80       0x14 CMakeFiles/testWs2812.dir/C_/Users/jozle/.pico-sdk/sdk/2.2.0/lib/tinyusb/src/common/tusb_fifo.c.obj
                0x10003e80                tu_fifo_empty
 .text.tu_fifo_remaining
                0x10003e94       0x24 CMakeFiles/testWs2812.dir/C_/Users/jozle/.pico-sdk/sdk/2.2.0/lib/tinyusb/src/common/tusb_fifo.c.obj
                0x10003e94                tu_fifo_remaining
 .text.tu_fifo_read
                0x10003eb8       0x94 CMakeFiles/testWs2812.dir/C_/Users/jozle/.pico-sdk/sdk/2.2.0/lib/tinyusb/src/common/tusb_fifo.c.obj
                0x10003eb8                tu_fifo_read
 .text.tu_fifo_read_n
                0x10003f4c       0xd8 CMakeFiles/testWs2812.dir/C_/Users/jozle/.pico-sdk/sdk/2.2.0/lib/tinyusb/src/common/tusb_fifo.c.obj
                0x10003f4c                tu_fifo_read_n
 .text.tu_fifo_write
                0x10004024       0xa4 CMakeFiles/testWs2812.dir/C_/Users/jozle/.pico-sdk/sdk/2.2.0/lib/tinyusb/src/common/tusb_fifo.c.obj
                0x10004024                tu_fifo_write
 .text.tu_fifo_write_n
                0x100040c8      0x15c CMakeFiles/testWs2812.dir/C_/Users/jozle/.pico-sdk/sdk/2.2.0/lib/tinyusb/src/common/tusb_fifo.c.obj
                0x100040c8                tu_fifo_write_n
 .text.tu_fifo_clear
                0x10004224       0x38 CMakeFiles/testWs2812.dir/C_/Users/jozle/.pico-sdk/sdk/2.2.0/lib/tinyusb/src/common/tusb_fifo.c.obj
                0x10004224                tu_fifo_clear
 .text.tu_fifo_set_overwritable
                0x1000425c       0x3c CMakeFiles/testWs2812.dir/C_/Users/jozle/.pico-sdk/sdk/2.2.0/lib/tinyusb/src/common/tusb_fifo.c.obj
                0x1000425c                tu_fifo_set_overwritable
 .text.pio_claim_unused_sm
                0x10004298       0x38 CMakeFiles/testWs2812.dir/C_/Users/jozle/.pico-sdk/sdk/2.2.0/src/rp2_common/hardware_pio/pio.c.obj
                0x10004298                pio_claim_unused_sm
 .text.pio_add_program
                0x100042d0       0xf4 CMakeFiles/testWs2812.dir/C_/Users/jozle/.pico-sdk/sdk/2.2.0/src/rp2_common/hardware_pio/pio.c.obj
                0x100042d0                pio_add_program
 .text.pio_sm_set_consecutive_pindirs
                0x100043c4       0x8c CMakeFiles/testWs2812.dir/C_/Users/jozle/.pico-sdk/sdk/2.2.0/src/rp2_common/hardware_pio/pio.c.obj
                0x100043c4                pio_sm_set_consecutive_pindirs
 .text.pio_sm_init
                0x10004450       0xa8 CMakeFiles/testWs2812.dir/C_/Users/jozle/.pico-sdk/sdk/2.2.0/src/rp2_common/hardware_pio/pio.c.obj
                0x10004450                pio_sm_init
 .text.memset   0x100044f8       0x9c C:/Users/jozle/.pico-sdk/toolchain/14_2_Rel1/bin/../lib/gcc/arm-none-eabi/14.2.1/thumb/v8-m.main+fp/softfp\libg.a(libc_a-memset.o)
                0x100044f8                memset
 .text          0x10004594       0xec C:/Users/jozle/.pico-sdk/toolchain/14_2_Rel1/bin/../lib/gcc/arm-none-eabi/14.2.1/thumb/v8-m.main+fp/softfp\libg.a(libc_a-memcpy.o)
                0x10004594                memcpy
 .text.strlen   0x10004680       0x5c C:/Users/jozle/.pico-sdk/toolchain/14_2_Rel1/bin/../lib/gcc/arm-none-eabi/14.2.1/thumb/v8-m.main+fp/softfp\libg.a(libc_a-strlen-stub.o)
                0x10004680                strlen
 *(.fini)
 .fini          0x100046dc        0x4 C:/Users/jozle/.pico-sdk/toolchain/14_2_Rel1/bin/../lib/gcc/arm-none-eabi/14.2.1/thumb/v8-m.main+fp/softfp/crti.o
                0x100046dc                _fini
 .fini.__stub   0x100046e0       0x48 linker stubs
 *crtbegin.o(.ctors)
 *crtbegin?.o(.ctors)
 *(EXCLUDE_FILE(*crtend.o *crtend?.o) .ctors)
 *(SORT_BY_NAME(.ctors.*))
 *(.ctors)
 *crtbegin.o(.dtors)
 *crtbegin?.o(.dtors)
 *(EXCLUDE_FILE(*crtend.o *crtend?.o) .dtors)
 *(SORT_BY_NAME(.dtors.*))
 *(.dtors)
                0x10004728                        . = ALIGN (0x4)
                0x10004728                        PROVIDE (__preinit_array_start = .)
 *(SORT_BY_NAME(.preinit_array.*))
 .preinit_array.00050
                0x10004728        0x4 CMakeFiles/testWs2812.dir/C_/Users/jozle/.pico-sdk/sdk/2.2.0/src/rp2_common/pico_runtime_init/runtime_init.c.obj
                0x10004728                __pre_init_runtime_init_bootrom_reset
 .preinit_array.00100
                0x1000472c        0x4 CMakeFiles/testWs2812.dir/C_/Users/jozle/.pico-sdk/sdk/2.2.0/src/rp2_common/pico_runtime_init/runtime_init.c.obj
                0x1000472c                __pre_init_runtime_init_early_resets
 .preinit_array.00101
                0x10004730        0x4 CMakeFiles/testWs2812.dir/C_/Users/jozle/.pico-sdk/sdk/2.2.0/src/rp2_common/pico_runtime_init/runtime_init.c.obj
                0x10004730                __pre_init_runtime_init_usb_power_down
 .preinit_array.00500
                0x10004734        0x4 CMakeFiles/testWs2812.dir/C_/Users/jozle/.pico-sdk/sdk/2.2.0/src/rp2_common/pico_runtime_init/runtime_init.c.obj
                0x10004734                __pre_init_runtime_init_clocks
 .preinit_array.00600
                0x10004738        0x4 CMakeFiles/testWs2812.dir/C_/Users/jozle/.pico-sdk/sdk/2.2.0/src/rp2_common/pico_runtime_init/runtime_init.c.obj
                0x10004738                __pre_init_runtime_init_post_clock_resets
 .preinit_array.01000
                0x1000473c        0x4 CMakeFiles/testWs2812.dir/C_/Users/jozle/.pico-sdk/sdk/2.2.0/src/rp2_common/hardware_boot_lock/boot_lock.c.obj
                0x1000473c                __pre_init_runtime_init_boot_locks_reset
 .preinit_array.01000
                0x10004740        0x4 CMakeFiles/testWs2812.dir/C_/Users/jozle/.pico-sdk/sdk/2.2.0/src/rp2_common/pico_runtime_init/runtime_init.c.obj
                0x10004740                __pre_init_runtime_init_spin_locks_reset
 .preinit_array.01010
                0x10004744        0x4 CMakeFiles/testWs2812.dir/C_/Users/jozle/.pico-sdk/sdk/2.2.0/src/rp2_common/pico_bootrom/bootrom_lock.c.obj
                0x10004744                __pre_init_runtime_init_bootrom_locking_enable
 .preinit_array.01100
                0x10004748        0x4 CMakeFiles/testWs2812.dir/C_/Users/jozle/.pico-sdk/sdk/2.2.0/src/common/pico_sync/mutex.c.obj
                0x10004748                __pre_init_runtime_init_mutex
 .preinit_array.10080
                0x1000474c        0x4 CMakeFiles/testWs2812.dir/C_/Users/jozle/.pico-sdk/sdk/2.2.0/src/rp2_common/pico_runtime_init/runtime_init.c.obj
                0x1000474c                __pre_init_runtime_init_install_ram_vector_table
 .preinit_array.11000
                0x10004750        0x4 CMakeFiles/testWs2812.dir/C_/Users/jozle/.pico-sdk/sdk/2.2.0/src/common/pico_time/time.c.obj
                0x10004750                __pre_init_runtime_init_default_alarm_pool
 .preinit_array.YYYYY
                0x10004754        0x4 CMakeFiles/testWs2812.dir/C_/Users/jozle/.pico-sdk/sdk/2.2.0/src/rp2_common/pico_runtime/runtime.c.obj
                0x10004754                __pre_init_first_per_core_initializer
 .preinit_array.ZZZZZ.00051
                0x10004758        0x4 CMakeFiles/testWs2812.dir/C_/Users/jozle/.pico-sdk/sdk/2.2.0/src/rp2_common/pico_runtime_init/runtime_init.c.obj
                0x10004758                __pre_init_runtime_init_per_core_bootrom_reset
 .preinit_array.ZZZZZ.00200
                0x1000475c        0x4 CMakeFiles/testWs2812.dir/C_/Users/jozle/.pico-sdk/sdk/2.2.0/src/rp2_common/pico_runtime_init/runtime_init.c.obj
                0x1000475c                __pre_init_runtime_init_per_core_enable_coprocessors
 .preinit_array.ZZZZZ.01000
                0x10004760        0x4 CMakeFiles/testWs2812.dir/C_/Users/jozle/.pico-sdk/sdk/2.2.0/src/rp2_common/hardware_sync_spin_lock/sync_spin_lock.c.obj
                0x10004760                __pre_init_spinlock_set_extexclall
 .preinit_array.ZZZZZ.01200
                0x10004764        0x4 CMakeFiles/testWs2812.dir/C_/Users/jozle/.pico-sdk/sdk/2.2.0/src/rp2_common/hardware_irq/irq.c.obj
                0x10004764                __pre_init_runtime_init_per_core_irq_priorities
 *(.preinit_array)
                0x10004768                        PROVIDE (__preinit_array_end = .)
                0x10004768                        . = ALIGN (0x4)
                0x10004768                        PROVIDE (__init_array_start = .)
 *(SORT_BY_NAME(.init_array.*))
 .init_array.01000
                0x10004768        0x4 CMakeFiles/testWs2812.dir/C_/Users/jozle/.pico-sdk/sdk/2.2.0/src/rp2_common/pico_unique_id/unique_id.c.obj
 *(.init_array)
 .init_array    0x1000476c        0x4 C:/Users/jozle/.pico-sdk/toolchain/14_2_Rel1/bin/../lib/gcc/arm-none-eabi/14.2.1/thumb/v8-m.main+fp/softfp/crtbegin.o
                0x10004770                        PROVIDE (__init_array_end = .)
                0x10004770                        . = ALIGN (0x4)
                [!provide]                        PROVIDE (__fini_array_start = .)
 *(SORT_BY_NAME(.fini_array.*))
 *(.fini_array)
                [!provide]                        PROVIDE (__fini_array_end = .)
 *(.eh_frame*)
 .eh_frame      0x10004770        0x0 C:/Users/jozle/.pico-sdk/toolchain/14_2_Rel1/bin/../lib/gcc/arm-none-eabi/14.2.1/thumb/v8-m.main+fp/softfp/crtbegin.o
                0x10004770                        . = ALIGN (0x4)

.glue_7         0x10004770        0x0
 .glue_7        0x10004770        0x0 linker stubs

.glue_7t        0x10004770        0x0
 .glue_7t       0x10004770        0x0 linker stubs

.vfp11_veneer   0x10004770        0x0
 .vfp11_veneer  0x10004770        0x0 linker stubs

.v4_bx          0x10004770        0x0
 .v4_bx         0x10004770        0x0 linker stubs

.iplt           0x10004770        0x0
 .iplt          0x10004770        0x0 C:/Users/jozle/.pico-sdk/toolchain/14_2_Rel1/bin/../lib/gcc/arm-none-eabi/14.2.1/thumb/v8-m.main+fp/softfp/crtbegin.o

.boot2          0x10004770        0x0
                0x10004770                        __boot2_start__ = .
 *(.boot2)
                0x10004770                        __boot2_end__ = .
                0x00000001                        ASSERT (((__boot2_end__ - __boot2_start__) <= 0x100), ERROR: Pico second stage bootloader must be no more than 256 bytes in size)

.rodata         0x10004770      0x400
 *(EXCLUDE_FILE(*libm.a: *libc.a:*lib_a-mem*.o *libgcc.a:) .rodata*)
 .rodata.main.str1.4
                0x10004770      0x1a0 CMakeFiles/testWs2812.dir/main.c.obj
                                 0x1e (size before relaxing)
 .rodata.ws2812_program
                0x10004910        0x8 CMakeFiles/testWs2812.dir/main.c.obj
 .rodata.ws2812_program_instructions
                0x10004918        0xa CMakeFiles/testWs2812.dir/main.c.obj
 *fill*         0x10004922        0x2 
 .rodata        0x10004924       0x30 CMakeFiles/testWs2812.dir/main.c.obj
 .rodata.panic.str1.4
                0x10004954       0x12 CMakeFiles/testWs2812.dir/C_/Users/jozle/.pico-sdk/sdk/2.2.0/src/rp2_common/pico_platform_panic/panic.c.obj
 .rodata.spin_lock_claim_unused.str1.4
                0x10004954       0x1b CMakeFiles/testWs2812.dir/C_/Users/jozle/.pico-sdk/sdk/2.2.0/src/rp2_common/hardware_sync/sync.c.obj
 .rodata.user_irq_claim_unused.str1.4
                0x10004954       0x1b CMakeFiles/testWs2812.dir/C_/Users/jozle/.pico-sdk/sdk/2.2.0/src/rp2_common/hardware_irq/irq.c.obj
 .rodata.timer_hardware_alarm_claim.str1.4
                0x10004954       0x22 CMakeFiles/testWs2812.dir/C_/Users/jozle/.pico-sdk/sdk/2.2.0/src/rp2_common/hardware_timer/timer.c.obj
 .rodata.hard_assertion_failure.str1.4
                0x10004954        0xc CMakeFiles/testWs2812.dir/C_/Users/jozle/.pico-sdk/sdk/2.2.0/src/rp2_common/pico_runtime/runtime.c.obj
 .rodata.str1.4
                0x10004954       0x44 CMakeFiles/testWs2812.dir/C_/Users/jozle/.pico-sdk/sdk/2.2.0/src/rp2_common/pico_standard_binary_info/standard_binary_info.c.obj
 .rodata.__bi_84
                0x10004954        0xc CMakeFiles/testWs2812.dir/C_/Users/jozle/.pico-sdk/sdk/2.2.0/src/rp2_common/pico_standard_binary_info/standard_binary_info.c.obj
 .rodata.__bi_78
                0x10004960        0xc CMakeFiles/testWs2812.dir/C_/Users/jozle/.pico-sdk/sdk/2.2.0/src/rp2_common/pico_standard_binary_info/standard_binary_info.c.obj
 .rodata.__bi_60
                0x1000496c        0xc CMakeFiles/testWs2812.dir/C_/Users/jozle/.pico-sdk/sdk/2.2.0/src/rp2_common/pico_standard_binary_info/standard_binary_info.c.obj
 .rodata.__bi_54
                0x10004978        0xc CMakeFiles/testWs2812.dir/C_/Users/jozle/.pico-sdk/sdk/2.2.0/src/rp2_common/pico_standard_binary_info/standard_binary_info.c.obj
 .rodata.__bi_48
                0x10004984        0xc CMakeFiles/testWs2812.dir/C_/Users/jozle/.pico-sdk/sdk/2.2.0/src/rp2_common/pico_standard_binary_info/standard_binary_info.c.obj
 .rodata.__bi_42
                0x10004990        0xc CMakeFiles/testWs2812.dir/C_/Users/jozle/.pico-sdk/sdk/2.2.0/src/rp2_common/pico_standard_binary_info/standard_binary_info.c.obj
 .rodata.__bi_34
                0x1000499c        0xc CMakeFiles/testWs2812.dir/C_/Users/jozle/.pico-sdk/sdk/2.2.0/src/rp2_common/pico_standard_binary_info/standard_binary_info.c.obj
 .rodata.__bi_26
                0x100049a8        0xc CMakeFiles/testWs2812.dir/C_/Users/jozle/.pico-sdk/sdk/2.2.0/src/rp2_common/pico_standard_binary_info/standard_binary_info.c.obj
 .rodata.crlf_str.0
                0x100049b4        0x2 CMakeFiles/testWs2812.dir/C_/Users/jozle/.pico-sdk/sdk/2.2.0/src/rp2_common/pico_stdio/stdio.c.obj
 *fill*         0x100049b6        0x2 
 .rodata._resetd_driver
                0x100049b8       0x20 CMakeFiles/testWs2812.dir/C_/Users/jozle/.pico-sdk/sdk/2.2.0/src/rp2_common/pico_stdio_usb/reset_interface.c.obj
 .rodata.desc_ms_os_20
                0x100049d8       0xa6 CMakeFiles/testWs2812.dir/C_/Users/jozle/.pico-sdk/sdk/2.2.0/src/rp2_common/pico_stdio_usb/reset_interface.c.obj
 *fill*         0x10004a7e        0x2 
 .rodata.desc_bos
                0x10004a80       0x21 CMakeFiles/testWs2812.dir/C_/Users/jozle/.pico-sdk/sdk/2.2.0/src/rp2_common/pico_stdio_usb/reset_interface.c.obj
                0x10004a80                desc_bos
 .rodata.str1.4
                0x10004aa1       0x13 CMakeFiles/testWs2812.dir/C_/Users/jozle/.pico-sdk/sdk/2.2.0/src/rp2_common/pico_stdio_usb/stdio_usb.c.obj
 *fill*         0x10004aa1        0x3 
 .rodata.__bi_202.0
                0x10004aa4        0xc CMakeFiles/testWs2812.dir/C_/Users/jozle/.pico-sdk/sdk/2.2.0/src/rp2_common/pico_stdio_usb/stdio_usb.c.obj
 .rodata.str1.4
                0x10004ab0       0x2a CMakeFiles/testWs2812.dir/C_/Users/jozle/.pico-sdk/sdk/2.2.0/src/rp2_common/pico_stdio_usb/stdio_usb_descriptors.c.obj
 .rodata.usbd_desc_str
                0x10004ab0       0x18 CMakeFiles/testWs2812.dir/C_/Users/jozle/.pico-sdk/sdk/2.2.0/src/rp2_common/pico_stdio_usb/stdio_usb_descriptors.c.obj
 .rodata.usbd_desc_cfg
                0x10004ac8       0x54 CMakeFiles/testWs2812.dir/C_/Users/jozle/.pico-sdk/sdk/2.2.0/src/rp2_common/pico_stdio_usb/stdio_usb_descriptors.c.obj
 .rodata.usbd_desc_device
                0x10004b1c       0x12 CMakeFiles/testWs2812.dir/C_/Users/jozle/.pico-sdk/sdk/2.2.0/src/rp2_common/pico_stdio_usb/stdio_usb_descriptors.c.obj
 .rodata.str1.4
                0x10004b2e       0x14 CMakeFiles/testWs2812.dir/C_/Users/jozle/.pico-sdk/sdk/2.2.0/lib/tinyusb/src/portable/raspberrypi/rp2040/dcd_rp2040.c.obj
 .rodata.str1.4
                0x10004b2e       0x48 CMakeFiles/testWs2812.dir/C_/Users/jozle/.pico-sdk/sdk/2.2.0/lib/tinyusb/src/portable/raspberrypi/rp2040/rp2040_usb.c.obj
 *fill*         0x10004b2e        0x2 
 .rodata._usbd_driver
                0x10004b30       0x40 CMakeFiles/testWs2812.dir/C_/Users/jozle/.pico-sdk/sdk/2.2.0/lib/tinyusb/src/device/usbd.c.obj
 .rodata.pio_claim_unused_sm.str1.4
                0x10004b70       0x24 CMakeFiles/testWs2812.dir/C_/Users/jozle/.pico-sdk/sdk/2.2.0/src/rp2_common/hardware_pio/pio.c.obj
 *(.srodata*)
                0x10004b94                        . = ALIGN (0x4)
 *(SORT_BY_ALIGNMENT(SORT_BY_NAME(.flashdata*)))
                0x10004b94                        . = ALIGN (0x4)

.ARM.extab
 *(.ARM.extab* .gnu.linkonce.armextab.*)
                0x10004b70                        __exidx_start = .

.ARM.exidx      0x10004b70        0x8
 *(.ARM.exidx* .gnu.linkonce.armexidx.*)
 .ARM.exidx     0x10004b70        0x8 C:/Users/jozle/.pico-sdk/toolchain/14_2_Rel1/bin/../lib/gcc/arm-none-eabi/14.2.1/thumb/v8-m.main+fp/softfp\libg.a(libc_a-memcpy.o)
                0x10004b78                        __exidx_end = .
                0x10004b78                        . = ALIGN (0x4)
                0x10004b78                        __binary_info_start = .

.binary_info    0x10004b78       0x24
 *(.binary_info.keep.*)
 .binary_info.keep.__bi_ptr84
                0x10004b78        0x4 CMakeFiles/testWs2812.dir/C_/Users/jozle/.pico-sdk/sdk/2.2.0/src/rp2_common/pico_standard_binary_info/standard_binary_info.c.obj
 .binary_info.keep.__bi_ptr78
                0x10004b7c        0x4 CMakeFiles/testWs2812.dir/C_/Users/jozle/.pico-sdk/sdk/2.2.0/src/rp2_common/pico_standard_binary_info/standard_binary_info.c.obj
 .binary_info.keep.__bi_ptr60
                0x10004b80        0x4 CMakeFiles/testWs2812.dir/C_/Users/jozle/.pico-sdk/sdk/2.2.0/src/rp2_common/pico_standard_binary_info/standard_binary_info.c.obj
 .binary_info.keep.__bi_ptr54
                0x10004b84        0x4 CMakeFiles/testWs2812.dir/C_/Users/jozle/.pico-sdk/sdk/2.2.0/src/rp2_common/pico_standard_binary_info/standard_binary_info.c.obj
 .binary_info.keep.__bi_ptr48
                0x10004b88        0x4 CMakeFiles/testWs2812.dir/C_/Users/jozle/.pico-sdk/sdk/2.2.0/src/rp2_common/pico_standard_binary_info/standard_binary_info.c.obj
 .binary_info.keep.__bi_ptr42
                0x10004b8c        0x4 CMakeFiles/testWs2812.dir/C_/Users/jozle/.pico-sdk/sdk/2.2.0/src/rp2_common/pico_standard_binary_info/standard_binary_info.c.obj
 .binary_info.keep.__bi_ptr34
                0x10004b90        0x4 CMakeFiles/testWs2812.dir/C_/Users/jozle/.pico-sdk/sdk/2.2.0/src/rp2_common/pico_standard_binary_info/standard_binary_info.c.obj
 .binary_info.keep.__bi_ptr26
                0x10004b94        0x4 CMakeFiles/testWs2812.dir/C_/Users/jozle/.pico-sdk/sdk/2.2.0/src/rp2_common/pico_standard_binary_info/standard_binary_info.c.obj
 *(.binary_info.*)
 .binary_info.__bi_ptr202
                0x10004b98        0x4 CMakeFiles/testWs2812.dir/C_/Users/jozle/.pico-sdk/sdk/2.2.0/src/rp2_common/pico_stdio_usb/stdio_usb.c.obj
                0x10004b9c                        __binary_info_end = .
                0x10004b9c                        . = ALIGN (0x4)

.ram_vector_table
                0x20000000      0x110
 *(.ram_vector_table)
 .ram_vector_table
                0x20000000      0x110 CMakeFiles/testWs2812.dir/C_/Users/jozle/.pico-sdk/sdk/2.2.0/src/rp2_common/pico_runtime_init/runtime_init.c.obj
                0x20000000                ram_vector_table

.uninitialized_data
                0x20000110        0x0
                0x20000110                        . = ALIGN (0x4)
 *(.uninitialized_data*)

.data           0x20000110      0xd94 load address 0x10004b9c
                0x20000110                        __data_start__ = .
 *(vtable)
 *(.time_critical*)
 .time_critical.mutex_try_enter
                0x20000110       0x50 CMakeFiles/testWs2812.dir/C_/Users/jozle/.pico-sdk/sdk/2.2.0/src/common/pico_sync/mutex.c.obj
                0x20000110                mutex_try_enter
 .time_critical.mutex_enter_block_until
                0x20000160       0x6c CMakeFiles/testWs2812.dir/C_/Users/jozle/.pico-sdk/sdk/2.2.0/src/common/pico_sync/mutex.c.obj
                0x20000160                mutex_enter_block_until
 .time_critical.mutex_try_enter_block_until
                0x200001cc       0x68 CMakeFiles/testWs2812.dir/C_/Users/jozle/.pico-sdk/sdk/2.2.0/src/common/pico_sync/mutex.c.obj
                0x200001cc                mutex_try_enter_block_until
 .time_critical.mutex_enter_timeout_ms
                0x20000234       0x38 CMakeFiles/testWs2812.dir/C_/Users/jozle/.pico-sdk/sdk/2.2.0/src/common/pico_sync/mutex.c.obj
                0x20000234                mutex_enter_timeout_ms
 .time_critical.mutex_exit
                0x2000026c       0x3c CMakeFiles/testWs2812.dir/C_/Users/jozle/.pico-sdk/sdk/2.2.0/src/common/pico_sync/mutex.c.obj
                0x2000026c                mutex_exit
 .time_critical.reset_non_control_endpoints
                0x200002a8       0x64 CMakeFiles/testWs2812.dir/C_/Users/jozle/.pico-sdk/sdk/2.2.0/lib/tinyusb/src/portable/raspberrypi/rp2040/dcd_rp2040.c.obj
 .time_critical.hw_handle_buff_status
                0x2000030c       0x90 CMakeFiles/testWs2812.dir/C_/Users/jozle/.pico-sdk/sdk/2.2.0/lib/tinyusb/src/portable/raspberrypi/rp2040/dcd_rp2040.c.obj
 .time_critical.dcd_rp2040_irq
                0x2000039c      0x530 CMakeFiles/testWs2812.dir/C_/Users/jozle/.pico-sdk/sdk/2.2.0/lib/tinyusb/src/portable/raspberrypi/rp2040/dcd_rp2040.c.obj
 .time_critical.prepare_ep_buffer
                0x200008cc       0xc0 CMakeFiles/testWs2812.dir/C_/Users/jozle/.pico-sdk/sdk/2.2.0/lib/tinyusb/src/portable/raspberrypi/rp2040/rp2040_usb.c.obj
 .time_critical.sync_ep_buffer
                0x2000098c       0xb4 CMakeFiles/testWs2812.dir/C_/Users/jozle/.pico-sdk/sdk/2.2.0/lib/tinyusb/src/portable/raspberrypi/rp2040/rp2040_usb.c.obj
 .time_critical._hw_endpoint_xfer_sync
                0x20000a40       0x2c CMakeFiles/testWs2812.dir/C_/Users/jozle/.pico-sdk/sdk/2.2.0/lib/tinyusb/src/portable/raspberrypi/rp2040/rp2040_usb.c.obj
 .time_critical.e15_is_bulkin_ep
                0x20000a6c       0x28 CMakeFiles/testWs2812.dir/C_/Users/jozle/.pico-sdk/sdk/2.2.0/lib/tinyusb/src/portable/raspberrypi/rp2040/rp2040_usb.c.obj
 .time_critical.e15_is_critical_frame_period
                0x20000a94       0x28 CMakeFiles/testWs2812.dir/C_/Users/jozle/.pico-sdk/sdk/2.2.0/lib/tinyusb/src/portable/raspberrypi/rp2040/rp2040_usb.c.obj
 .time_critical.hw_endpoint_reset_transfer
                0x20000abc        0xc CMakeFiles/testWs2812.dir/C_/Users/jozle/.pico-sdk/sdk/2.2.0/lib/tinyusb/src/portable/raspberrypi/rp2040/rp2040_usb.c.obj
                0x20000abc                hw_endpoint_reset_transfer
 .time_critical._hw_endpoint_buffer_control_update32
                0x20000ac8       0x44 CMakeFiles/testWs2812.dir/C_/Users/jozle/.pico-sdk/sdk/2.2.0/lib/tinyusb/src/portable/raspberrypi/rp2040/rp2040_usb.c.obj
                0x20000ac8                _hw_endpoint_buffer_control_update32
 .time_critical.hw_endpoint_start_next_buffer
                0x20000b0c       0x64 CMakeFiles/testWs2812.dir/C_/Users/jozle/.pico-sdk/sdk/2.2.0/lib/tinyusb/src/portable/raspberrypi/rp2040/rp2040_usb.c.obj
                0x20000b0c                hw_endpoint_start_next_buffer
 .time_critical.hw_endpoint_xfer_continue
                0x20000b70       0x3c CMakeFiles/testWs2812.dir/C_/Users/jozle/.pico-sdk/sdk/2.2.0/lib/tinyusb/src/portable/raspberrypi/rp2040/rp2040_usb.c.obj
                0x20000b70                hw_endpoint_xfer_continue
 .time_critical.tinyusb
                0x20000bac      0x224 CMakeFiles/testWs2812.dir/C_/Users/jozle/.pico-sdk/sdk/2.2.0/lib/tinyusb/src/device/usbd.c.obj
                0x20000bac                dcd_event_handler
 .time_critical.tinyusb.__stub
                0x20000dd0       0x30 linker stubs
 *(.text*)
                0x20000e00                        . = ALIGN (0x4)
 *(.rodata*)
                0x20000e00                        . = ALIGN (0x4)
 *(.data*)
 .data.striped_spin_lock_num
                0x20000e00        0x1 CMakeFiles/testWs2812.dir/C_/Users/jozle/.pico-sdk/sdk/2.2.0/src/rp2_common/hardware_sync/sync.c.obj
 *fill*         0x20000e01        0x3 
 .data          0x20000e04       0x48 CMakeFiles/testWs2812.dir/C_/Users/jozle/.pico-sdk/sdk/2.2.0/src/rp2_common/hardware_irq/irq_handler_chain.S.obj
                0x20000e04                irq_handler_chain_slots
                0x20000e34                irq_handler_chain_first_slot
                0x20000e3e                irq_handler_chain_remove_tail
 .data.default_alarm_pool
                0x20000e4c       0x18 CMakeFiles/testWs2812.dir/C_/Users/jozle/.pico-sdk/sdk/2.2.0/src/common/pico_time/time.c.obj
 .data.stdio_usb
                0x20000e64       0x18 CMakeFiles/testWs2812.dir/C_/Users/jozle/.pico-sdk/sdk/2.2.0/src/rp2_common/pico_stdio_usb/stdio_usb.c.obj
                0x20000e64                stdio_usb
 .data._usbd_qdef
                0x20000e7c       0x1c CMakeFiles/testWs2812.dir/C_/Users/jozle/.pico-sdk/sdk/2.2.0/lib/tinyusb/src/device/usbd.c.obj
                0x20000e7c                _usbd_qdef
 .data._usbd_rhport
                0x20000e98        0x1 CMakeFiles/testWs2812.dir/C_/Users/jozle/.pico-sdk/sdk/2.2.0/lib/tinyusb/src/device/usbd.c.obj
 *(.sdata*)
                0x20000e9c                        . = ALIGN (0x4)
 *fill*         0x20000e99        0x3 
 *(.after_data.*)
                0x20000e9c                        . = ALIGN (0x4)
                0x20000e9c                        PROVIDE (__mutex_array_start = .)
 *(SORT_BY_NAME(.mutex_array.*))
 *(.mutex_array)
 .mutex_array   0x20000e9c        0x8 CMakeFiles/testWs2812.dir/C_/Users/jozle/.pico-sdk/sdk/2.2.0/src/rp2_common/pico_stdio/stdio.c.obj
                0x20000ea4                        PROVIDE (__mutex_array_end = .)
 *(.jcr)
                0x20000ea4                        . = ALIGN (0x4)

.tm_clone_table
                0x20000ea4        0x0 load address 0x10005930
 .tm_clone_table
                0x20000ea4        0x0 C:/Users/jozle/.pico-sdk/toolchain/14_2_Rel1/bin/../lib/gcc/arm-none-eabi/14.2.1/thumb/v8-m.main+fp/softfp/crtbegin.o
 .tm_clone_table
                0x20000ea4        0x0 C:/Users/jozle/.pico-sdk/toolchain/14_2_Rel1/bin/../lib/gcc/arm-none-eabi/14.2.1/thumb/v8-m.main+fp/softfp/crtend.o

.igot.plt       0x20000ea4        0x0 load address 0x10005930
 .igot.plt      0x20000ea4        0x0 C:/Users/jozle/.pico-sdk/toolchain/14_2_Rel1/bin/../lib/gcc/arm-none-eabi/14.2.1/thumb/v8-m.main+fp/softfp/crtbegin.o

.tdata          0x20000ea4        0x0 load address 0x10005930
                0x20000ea4                        . = ALIGN (0x4)
 *(.tdata .tdata.* .gnu.linkonce.td.*)
                0x20000ea4                        __tdata_end = .
                0x20000ea4                        PROVIDE (__data_end__ = .)
                0x10004b9c                        __etext = LOADADDR (.data)

.tbss           0x20000ea4        0x0 load address 0x10005930
                0x20000ea4                        . = ALIGN (0x4)
                0x20000ea4                        __bss_start__ = .
                0x20000ea4                        __tls_base = .
 *(.tbss .tbss.* .gnu.linkonce.tb.*)
 *(.tcommon)
                0x20000ea4                        __tls_end = .

.bss            0x20000ea8      0xc38 load address 0x10005930
                0x20000ea8                        . = ALIGN (0x4)
                0x20000ea8                        __tbss_end = .
 *(SORT_BY_ALIGNMENT(SORT_BY_NAME(.bss*)))
 .bss.default_alarm_pool_entries
                0x20000ea8      0x180 CMakeFiles/testWs2812.dir/C_/Users/jozle/.pico-sdk/sdk/2.2.0/src/common/pico_time/time.c.obj
 .bss.last_avail_time.1
                0x20001028        0x8 CMakeFiles/testWs2812.dir/C_/Users/jozle/.pico-sdk/sdk/2.2.0/src/rp2_common/pico_stdio_usb/stdio_usb.c.obj
 .bss._app_driver
                0x20001030        0x4 CMakeFiles/testWs2812.dir/C_/Users/jozle/.pico-sdk/sdk/2.2.0/lib/tinyusb/src/device/usbd.c.obj
 .bss._cdcd_epbuf
                0x20001034       0x80 CMakeFiles/testWs2812.dir/C_/Users/jozle/.pico-sdk/sdk/2.2.0/lib/tinyusb/src/class/cdc/cdc_device.c.obj
 .bss._cdcd_fifo_cfg
                0x200010b4        0x1 CMakeFiles/testWs2812.dir/C_/Users/jozle/.pico-sdk/sdk/2.2.0/lib/tinyusb/src/class/cdc/cdc_device.c.obj
 *fill*         0x200010b5        0x3 
 .bss._cdcd_itf
                0x200010b8       0xc8 CMakeFiles/testWs2812.dir/C_/Users/jozle/.pico-sdk/sdk/2.2.0/lib/tinyusb/src/class/cdc/cdc_device.c.obj
 .bss._ctrl_epbuf
                0x20001180       0x40 CMakeFiles/testWs2812.dir/C_/Users/jozle/.pico-sdk/sdk/2.2.0/lib/tinyusb/src/device/usbd_control.c.obj
 .bss._ctrl_xfer
                0x200011c0       0x14 CMakeFiles/testWs2812.dir/C_/Users/jozle/.pico-sdk/sdk/2.2.0/lib/tinyusb/src/device/usbd_control.c.obj
 .bss._sw_spin_locks
                0x200011d4       0x20 CMakeFiles/testWs2812.dir/C_/Users/jozle/.pico-sdk/sdk/2.2.0/src/rp2_common/hardware_sync_spin_lock/sync_spin_lock.c.obj
                0x200011d4                _sw_spin_locks
 .bss._tusb_rhport_role
                0x200011f4        0x2 CMakeFiles/testWs2812.dir/C_/Users/jozle/.pico-sdk/sdk/2.2.0/lib/tinyusb/src/tusb.c.obj
                0x200011f4                _tusb_rhport_role
 *fill*         0x200011f6        0x2 
 .bss._ubsd_mutexdef
                0x200011f8        0x8 CMakeFiles/testWs2812.dir/C_/Users/jozle/.pico-sdk/sdk/2.2.0/lib/tinyusb/src/device/usbd.c.obj
 .bss._usbd_dev
                0x20001200       0x54 CMakeFiles/testWs2812.dir/C_/Users/jozle/.pico-sdk/sdk/2.2.0/lib/tinyusb/src/device/usbd.c.obj
 .bss._usbd_mutex
                0x20001254        0x4 CMakeFiles/testWs2812.dir/C_/Users/jozle/.pico-sdk/sdk/2.2.0/lib/tinyusb/src/device/usbd.c.obj
 .bss._usbd_q   0x20001258        0x4 CMakeFiles/testWs2812.dir/C_/Users/jozle/.pico-sdk/sdk/2.2.0/lib/tinyusb/src/device/usbd.c.obj
 .bss._usbd_qdef_buf
                0x2000125c       0xc0 CMakeFiles/testWs2812.dir/C_/Users/jozle/.pico-sdk/sdk/2.2.0/lib/tinyusb/src/device/usbd.c.obj
                0x2000125c                _usbd_qdef_buf
 .bss._used_instruction_space
                0x2000131c        0xc CMakeFiles/testWs2812.dir/C_/Users/jozle/.pico-sdk/sdk/2.2.0/src/rp2_common/hardware_pio/pio.c.obj
 .bss._vendord_epbuf
                0x20001328       0x80 CMakeFiles/testWs2812.dir/C_/Users/jozle/.pico-sdk/sdk/2.2.0/lib/tinyusb/src/class/vendor/vendor_device.c.obj
 .bss._vendord_itf
                0x200013a8      0x24c CMakeFiles/testWs2812.dir/C_/Users/jozle/.pico-sdk/sdk/2.2.0/lib/tinyusb/src/class/vendor/vendor_device.c.obj
 .bss.chars_available_callback
                0x200015f4        0x4 CMakeFiles/testWs2812.dir/C_/Users/jozle/.pico-sdk/sdk/2.2.0/src/rp2_common/pico_stdio_usb/stdio_usb.c.obj
 .bss.chars_available_param
                0x200015f8        0x4 CMakeFiles/testWs2812.dir/C_/Users/jozle/.pico-sdk/sdk/2.2.0/src/rp2_common/pico_stdio_usb/stdio_usb.c.obj
 .bss.claimed   0x200015fc        0x4 CMakeFiles/testWs2812.dir/C_/Users/jozle/.pico-sdk/sdk/2.2.0/src/rp2_common/hardware_sync/sync.c.obj
 .bss.claimed   0x20001600        0x2 CMakeFiles/testWs2812.dir/C_/Users/jozle/.pico-sdk/sdk/2.2.0/src/rp2_common/hardware_timer/timer.c.obj
 *fill*         0x20001602        0x2 
 .bss.claimed   0x20001604        0x2 CMakeFiles/testWs2812.dir/C_/Users/jozle/.pico-sdk/sdk/2.2.0/src/rp2_common/hardware_pio/pio.c.obj
 *fill*         0x20001606        0x2 
 .bss.configured_freq
                0x20001608       0x28 CMakeFiles/testWs2812.dir/C_/Users/jozle/.pico-sdk/sdk/2.2.0/src/rp2_common/hardware_clocks/clocks.c.obj
 .bss.desc_str.0
                0x20001630       0x28 CMakeFiles/testWs2812.dir/C_/Users/jozle/.pico-sdk/sdk/2.2.0/src/rp2_common/pico_stdio_usb/stdio_usb_descriptors.c.obj
 .bss.drivers   0x20001658        0x4 CMakeFiles/testWs2812.dir/C_/Users/jozle/.pico-sdk/sdk/2.2.0/src/rp2_common/pico_stdio/stdio.c.obj
 .bss.e15_last_sof
                0x2000165c        0x4 CMakeFiles/testWs2812.dir/C_/Users/jozle/.pico-sdk/sdk/2.2.0/lib/tinyusb/src/portable/raspberrypi/rp2040/rp2040_usb.c.obj
                0x2000165c                e15_last_sof
 .bss.filter    0x20001660        0x4 CMakeFiles/testWs2812.dir/C_/Users/jozle/.pico-sdk/sdk/2.2.0/src/rp2_common/pico_stdio/stdio.c.obj
 .bss.hw_endpoints
                0x20001664      0x400 CMakeFiles/testWs2812.dir/C_/Users/jozle/.pico-sdk/sdk/2.2.0/lib/tinyusb/src/portable/raspberrypi/rp2040/dcd_rp2040.c.obj
 .bss.lazy_vsnprintf
                0x20001a64        0x4 CMakeFiles/testWs2812.dir/C_/Users/jozle/.pico-sdk/sdk/2.2.0/src/rp2_common/pico_printf/printf.c.obj
 .bss.load_value
                0x20001a68        0x4 CMakeFiles/testWs2812.dir/C_/Users/jozle/.pico-sdk/sdk/2.2.0/src/rp2_common/hardware_watchdog/watchdog.c.obj
 .bss.next_buffer_ptr
                0x20001a6c        0x4 CMakeFiles/testWs2812.dir/C_/Users/jozle/.pico-sdk/sdk/2.2.0/lib/tinyusb/src/portable/raspberrypi/rp2040/dcd_rp2040.c.obj
 .bss.object.0  0x20001a70       0x18 C:/Users/jozle/.pico-sdk/toolchain/14_2_Rel1/bin/../lib/gcc/arm-none-eabi/14.2.1/thumb/v8-m.main+fp/softfp/crtbegin.o
 .bss.one_shot_timer_crit_sec
                0x20001a88        0x8 CMakeFiles/testWs2812.dir/C_/Users/jozle/.pico-sdk/sdk/2.2.0/src/rp2_common/pico_stdio_usb/stdio_usb.c.obj
 .bss.pools     0x20001a90       0x20 CMakeFiles/testWs2812.dir/C_/Users/jozle/.pico-sdk/sdk/2.2.0/src/common/pico_time/time.c.obj
 .bss.retrieved_id
                0x20001ab0        0x8 CMakeFiles/testWs2812.dir/C_/Users/jozle/.pico-sdk/sdk/2.2.0/src/rp2_common/pico_unique_id/unique_id.c.obj
 .bss.sleep_notifier
                0x20001ab8        0x4 CMakeFiles/testWs2812.dir/C_/Users/jozle/.pico-sdk/sdk/2.2.0/src/common/pico_time/time.c.obj
 .bss.stdio_usb_mutex
                0x20001abc        0x8 CMakeFiles/testWs2812.dir/C_/Users/jozle/.pico-sdk/sdk/2.2.0/src/rp2_common/pico_stdio_usb/stdio_usb.c.obj
 .bss.usbd_serial_str
                0x20001ac4       0x11 CMakeFiles/testWs2812.dir/C_/Users/jozle/.pico-sdk/sdk/2.2.0/src/rp2_common/pico_stdio_usb/stdio_usb_descriptors.c.obj
 .bss._app_driver_count
                0x20001ad5        0x1 CMakeFiles/testWs2812.dir/C_/Users/jozle/.pico-sdk/sdk/2.2.0/lib/tinyusb/src/device/usbd.c.obj
 .bss._sof_enable
                0x20001ad6        0x1 CMakeFiles/testWs2812.dir/C_/Users/jozle/.pico-sdk/sdk/2.2.0/lib/tinyusb/src/portable/raspberrypi/rp2040/dcd_rp2040.c.obj
 .bss._usbd_queued_setup
                0x20001ad7        0x1 CMakeFiles/testWs2812.dir/C_/Users/jozle/.pico-sdk/sdk/2.2.0/lib/tinyusb/src/device/usbd.c.obj
 .bss.irq_handler_chain_free_slot_head
                0x20001ad8        0x1 CMakeFiles/testWs2812.dir/C_/Users/jozle/.pico-sdk/sdk/2.2.0/src/rp2_common/hardware_irq/irq.c.obj
 .bss.itf_num   0x20001ad9        0x1 CMakeFiles/testWs2812.dir/C_/Users/jozle/.pico-sdk/sdk/2.2.0/src/rp2_common/pico_stdio_usb/reset_interface.c.obj
 .bss.low_priority_irq_num
                0x20001ada        0x1 CMakeFiles/testWs2812.dir/C_/Users/jozle/.pico-sdk/sdk/2.2.0/src/rp2_common/pico_stdio_usb/stdio_usb.c.obj
 .bss.one_shot_timer_pending
                0x20001adb        0x1 CMakeFiles/testWs2812.dir/C_/Users/jozle/.pico-sdk/sdk/2.2.0/src/rp2_common/pico_stdio_usb/stdio_usb.c.obj
 .bss.user_irq_claimed
                0x20001adc        0x1 CMakeFiles/testWs2812.dir/C_/Users/jozle/.pico-sdk/sdk/2.2.0/src/rp2_common/hardware_irq/irq.c.obj
 *(COMMON)
                [!provide]                        PROVIDE (__global_pointer$ = (. + 0x800))
 *(.sbss*)
                0x20001ae0                        . = ALIGN (0x4)
 *fill*         0x20001add        0x3 
                0x20001ae0                        __bss_end__ = .

.heap           0x20001ae0      0x800 load address 0x10005930
                0x20001ae0                        __end__ = .
                0x20001ae0                        end = __end__
 *(.heap*)
 .heap          0x20001ae0      0x800 CMakeFiles/testWs2812.dir/C_/Users/jozle/.pico-sdk/sdk/2.2.0/src/rp2_common/pico_crt0/crt0.S.obj
                0x20080000                        __HeapLimit = (ORIGIN (RAM) + LENGTH (RAM))

.scratch_x      0x20080000        0x0 load address 0x10005930
                0x20080000                        __scratch_x_start__ = .
 *(.scratch_x.*)
                0x20080000                        . = ALIGN (0x4)
                0x20080000                        __scratch_x_end__ = .
                0x10005930                        __scratch_x_source__ = LOADADDR (.scratch_x)

.scratch_y      0x20081000        0x0 load address 0x10005930
                0x20081000                        __scratch_y_start__ = .
 *(.scratch_y.*)
                0x20081000                        . = ALIGN (0x4)
                0x20081000                        __scratch_y_end__ = .
                0x10005930                        __scratch_y_source__ = LOADADDR (.scratch_y)

.stack1_dummy
 *(.stack1*)

.stack_dummy    0x20081000      0x800
 *(.stack*)
 .stack         0x20081000      0x800 CMakeFiles/testWs2812.dir/C_/Users/jozle/.pico-sdk/sdk/2.2.0/src/rp2_common/pico_crt0/crt0.S.obj

.flash_end      0x10005930       0x14
 *(.embedded_end_block*)
 .embedded_end_block
                0x10005930       0x14 CMakeFiles/testWs2812.dir/C_/Users/jozle/.pico-sdk/sdk/2.2.0/src/rp2_common/pico_crt0/crt0.S.obj
                0x10005944                        PROVIDE (__flash_binary_end = .)
                0x20080000                        __StackLimit = (ORIGIN (RAM) + LENGTH (RAM))
                0x20081000                        __StackOneTop = (ORIGIN (SCRATCH_X) + LENGTH (SCRATCH_X))
                0x20082000                        __StackTop = (ORIGIN (SCRATCH_Y) + LENGTH (SCRATCH_Y))
                0x20081000                        __StackOneBottom = (__StackOneTop - SIZEOF (.stack1_dummy))
                0x20081800                        __StackBottom = (__StackTop - SIZEOF (.stack_dummy))
                0x20082000                        PROVIDE (__stack = __StackTop)
                [!provide]                        PROVIDE (__heap_start = __end__)
                [!provide]                        PROVIDE (__heap_end = __HeapLimit)
                [!provide]                        PROVIDE (__tls_align = MAX (ALIGNOF (.tdata), ALIGNOF (.tbss)))
                [!provide]                        PROVIDE (__tls_size_align = (((__tls_size + __tls_align) - 0x1) & ~ ((__tls_align - 0x1))))
                [!provide]                        PROVIDE (__arm32_tls_tcb_offset = MAX (0x8, __tls_align))
                [!provide]                        PROVIDE (_end = __end__)
                [!provide]                        PROVIDE (__llvm_libc_heap_limit = __HeapLimit)
                0x00000001                        ASSERT ((__StackLimit >= __HeapLimit), region RAM overflowed)
                0x00000001                        ASSERT (((__binary_info_header_end - __logical_binary_start) <= 0x400), Binary info must be in first 1024 bytes of the binary)
                0x00000001                        ASSERT (((__embedded_block_end - __logical_binary_start) <= 0x1000), Embedded block must be in first 4096 bytes of the binary)
LOAD CMakeFiles/testWs2812.dir/main.c.obj
LOAD CMakeFiles/testWs2812.dir/C_/Users/jozle/.pico-sdk/sdk/2.2.0/src/rp2_common/pico_stdlib/stdlib.c.obj
LOAD CMakeFiles/testWs2812.dir/C_/Users/jozle/.pico-sdk/sdk/2.2.0/src/rp2_common/hardware_gpio/gpio.c.obj
LOAD CMakeFiles/testWs2812.dir/C_/Users/jozle/.pico-sdk/sdk/2.2.0/src/rp2350/pico_platform/platform.c.obj
LOAD CMakeFiles/testWs2812.dir/C_/Users/jozle/.pico-sdk/sdk/2.2.0/src/rp2_common/pico_platform_common/common.c.obj
LOAD CMakeFiles/testWs2812.dir/C_/Users/jozle/.pico-sdk/sdk/2.2.0/src/rp2_common/pico_platform_panic/panic.c.obj
LOAD CMakeFiles/testWs2812.dir/C_/Users/jozle/.pico-sdk/sdk/2.2.0/src/common/hardware_claim/claim.c.obj
LOAD CMakeFiles/testWs2812.dir/C_/Users/jozle/.pico-sdk/sdk/2.2.0/src/rp2_common/hardware_sync/sync.c.obj
LOAD CMakeFiles/testWs2812.dir/C_/Users/jozle/.pico-sdk/sdk/2.2.0/src/rp2_common/hardware_sync_spin_lock/sync_spin_lock.c.obj
LOAD CMakeFiles/testWs2812.dir/C_/Users/jozle/.pico-sdk/sdk/2.2.0/src/rp2_common/hardware_irq/irq.c.obj
LOAD CMakeFiles/testWs2812.dir/C_/Users/jozle/.pico-sdk/sdk/2.2.0/src/rp2_common/hardware_irq/irq_handler_chain.S.obj
LOAD CMakeFiles/testWs2812.dir/C_/Users/jozle/.pico-sdk/sdk/2.2.0/src/common/pico_sync/sem.c.obj
LOAD CMakeFiles/testWs2812.dir/C_/Users/jozle/.pico-sdk/sdk/2.2.0/src/common/pico_sync/lock_core.c.obj
LOAD CMakeFiles/testWs2812.dir/C_/Users/jozle/.pico-sdk/sdk/2.2.0/src/common/pico_sync/mutex.c.obj
LOAD CMakeFiles/testWs2812.dir/C_/Users/jozle/.pico-sdk/sdk/2.2.0/src/common/pico_sync/critical_section.c.obj
LOAD CMakeFiles/testWs2812.dir/C_/Users/jozle/.pico-sdk/sdk/2.2.0/src/common/pico_time/time.c.obj
LOAD CMakeFiles/testWs2812.dir/C_/Users/jozle/.pico-sdk/sdk/2.2.0/src/common/pico_time/timeout_helper.c.obj
LOAD CMakeFiles/testWs2812.dir/C_/Users/jozle/.pico-sdk/sdk/2.2.0/src/rp2_common/hardware_timer/timer.c.obj
LOAD CMakeFiles/testWs2812.dir/C_/Users/jozle/.pico-sdk/sdk/2.2.0/src/common/pico_util/datetime.c.obj
LOAD CMakeFiles/testWs2812.dir/C_/Users/jozle/.pico-sdk/sdk/2.2.0/src/common/pico_util/pheap.c.obj
LOAD CMakeFiles/testWs2812.dir/C_/Users/jozle/.pico-sdk/sdk/2.2.0/src/common/pico_util/queue.c.obj
LOAD CMakeFiles/testWs2812.dir/C_/Users/jozle/.pico-sdk/sdk/2.2.0/src/rp2_common/hardware_uart/uart.c.obj
LOAD CMakeFiles/testWs2812.dir/C_/Users/jozle/.pico-sdk/sdk/2.2.0/src/rp2_common/hardware_clocks/clocks.c.obj
LOAD CMakeFiles/testWs2812.dir/C_/Users/jozle/.pico-sdk/sdk/2.2.0/src/rp2_common/hardware_pll/pll.c.obj
LOAD CMakeFiles/testWs2812.dir/C_/Users/jozle/.pico-sdk/sdk/2.2.0/src/rp2_common/hardware_vreg/vreg.c.obj
LOAD CMakeFiles/testWs2812.dir/C_/Users/jozle/.pico-sdk/sdk/2.2.0/src/rp2_common/hardware_watchdog/watchdog.c.obj
LOAD CMakeFiles/testWs2812.dir/C_/Users/jozle/.pico-sdk/sdk/2.2.0/src/rp2_common/hardware_ticks/ticks.c.obj
LOAD CMakeFiles/testWs2812.dir/C_/Users/jozle/.pico-sdk/sdk/2.2.0/src/rp2_common/pico_bootrom/bootrom.c.obj
LOAD CMakeFiles/testWs2812.dir/C_/Users/jozle/.pico-sdk/sdk/2.2.0/src/rp2_common/pico_bootrom/bootrom_lock.c.obj
LOAD CMakeFiles/testWs2812.dir/C_/Users/jozle/.pico-sdk/sdk/2.2.0/src/rp2_common/hardware_boot_lock/boot_lock.c.obj
LOAD CMakeFiles/testWs2812.dir/C_/Users/jozle/.pico-sdk/sdk/2.2.0/src/rp2_common/pico_flash/flash.c.obj
LOAD CMakeFiles/testWs2812.dir/C_/Users/jozle/.pico-sdk/sdk/2.2.0/src/rp2_common/hardware_xosc/xosc.c.obj
LOAD CMakeFiles/testWs2812.dir/C_/Users/jozle/.pico-sdk/sdk/2.2.0/src/rp2_common/hardware_divider/divider.c.obj
LOAD CMakeFiles/testWs2812.dir/C_/Users/jozle/.pico-sdk/sdk/2.2.0/src/rp2_common/pico_runtime/runtime.c.obj
LOAD CMakeFiles/testWs2812.dir/C_/Users/jozle/.pico-sdk/sdk/2.2.0/src/rp2_common/pico_runtime_init/runtime_init.c.obj
LOAD CMakeFiles/testWs2812.dir/C_/Users/jozle/.pico-sdk/sdk/2.2.0/src/rp2_common/pico_runtime_init/runtime_init_clocks.c.obj
LOAD CMakeFiles/testWs2812.dir/C_/Users/jozle/.pico-sdk/sdk/2.2.0/src/rp2_common/pico_runtime_init/runtime_init_stack_guard.c.obj
LOAD CMakeFiles/testWs2812.dir/C_/Users/jozle/.pico-sdk/sdk/2.2.0/src/rp2_common/pico_bit_ops/bit_ops_aeabi.S.obj
LOAD CMakeFiles/testWs2812.dir/C_/Users/jozle/.pico-sdk/sdk/2.2.0/src/rp2_common/pico_divider/divider_compiler.c.obj
LOAD CMakeFiles/testWs2812.dir/C_/Users/jozle/.pico-sdk/sdk/2.2.0/src/rp2_common/pico_double/double_math.c.obj
LOAD CMakeFiles/testWs2812.dir/C_/Users/jozle/.pico-sdk/sdk/2.2.0/src/rp2_common/pico_double/double_aeabi_dcp.S.obj
LOAD CMakeFiles/testWs2812.dir/C_/Users/jozle/.pico-sdk/sdk/2.2.0/src/rp2_common/pico_double/double_fma_dcp.S.obj
LOAD CMakeFiles/testWs2812.dir/C_/Users/jozle/.pico-sdk/sdk/2.2.0/src/rp2_common/pico_double/double_sci_m33.S.obj
LOAD CMakeFiles/testWs2812.dir/C_/Users/jozle/.pico-sdk/sdk/2.2.0/src/rp2_common/pico_double/double_conv_m33.S.obj
LOAD CMakeFiles/testWs2812.dir/C_/Users/jozle/.pico-sdk/sdk/2.2.0/src/rp2_common/pico_float/float_math.c.obj
LOAD CMakeFiles/testWs2812.dir/C_/Users/jozle/.pico-sdk/sdk/2.2.0/src/rp2_common/pico_float/float_conv32_vfp.S.obj
LOAD CMakeFiles/testWs2812.dir/C_/Users/jozle/.pico-sdk/sdk/2.2.0/src/rp2_common/pico_float/float_common_m33.S.obj
LOAD CMakeFiles/testWs2812.dir/C_/Users/jozle/.pico-sdk/sdk/2.2.0/src/rp2_common/pico_float/float_sci_m33_vfp.S.obj
LOAD CMakeFiles/testWs2812.dir/C_/Users/jozle/.pico-sdk/sdk/2.2.0/src/rp2_common/pico_malloc/malloc.c.obj
LOAD CMakeFiles/testWs2812.dir/C_/Users/jozle/.pico-sdk/sdk/2.2.0/src/rp2_common/pico_atomic/atomic.c.obj
LOAD CMakeFiles/testWs2812.dir/C_/Users/jozle/.pico-sdk/sdk/2.2.0/src/rp2_common/pico_cxx_options/new_delete.cpp.obj
LOAD CMakeFiles/testWs2812.dir/C_/Users/jozle/.pico-sdk/sdk/2.2.0/src/rp2_common/pico_standard_binary_info/standard_binary_info.c.obj
LOAD CMakeFiles/testWs2812.dir/C_/Users/jozle/.pico-sdk/sdk/2.2.0/src/rp2_common/pico_printf/printf.c.obj
LOAD CMakeFiles/testWs2812.dir/C_/Users/jozle/.pico-sdk/sdk/2.2.0/src/rp2_common/pico_crt0/crt0.S.obj
LOAD CMakeFiles/testWs2812.dir/C_/Users/jozle/.pico-sdk/sdk/2.2.0/src/rp2_common/pico_clib_interface/newlib_interface.c.obj
LOAD CMakeFiles/testWs2812.dir/C_/Users/jozle/.pico-sdk/sdk/2.2.0/src/rp2_common/pico_stdio/stdio.c.obj
LOAD CMakeFiles/testWs2812.dir/C_/Users/jozle/.pico-sdk/sdk/2.2.0/src/rp2_common/pico_stdio_usb/reset_interface.c.obj
LOAD CMakeFiles/testWs2812.dir/C_/Users/jozle/.pico-sdk/sdk/2.2.0/src/rp2_common/pico_stdio_usb/stdio_usb.c.obj
LOAD CMakeFiles/testWs2812.dir/C_/Users/jozle/.pico-sdk/sdk/2.2.0/src/rp2_common/pico_stdio_usb/stdio_usb_descriptors.c.obj
LOAD CMakeFiles/testWs2812.dir/C_/Users/jozle/.pico-sdk/sdk/2.2.0/src/rp2_common/pico_unique_id/unique_id.c.obj
LOAD CMakeFiles/testWs2812.dir/C_/Users/jozle/.pico-sdk/sdk/2.2.0/src/rp2_common/hardware_flash/flash.c.obj
LOAD CMakeFiles/testWs2812.dir/C_/Users/jozle/.pico-sdk/sdk/2.2.0/src/rp2_common/hardware_xip_cache/xip_cache.c.obj
LOAD CMakeFiles/testWs2812.dir/C_/Users/jozle/.pico-sdk/sdk/2.2.0/lib/tinyusb/src/portable/raspberrypi/rp2040/dcd_rp2040.c.obj
LOAD CMakeFiles/testWs2812.dir/C_/Users/jozle/.pico-sdk/sdk/2.2.0/lib/tinyusb/src/portable/raspberrypi/rp2040/rp2040_usb.c.obj
LOAD CMakeFiles/testWs2812.dir/C_/Users/jozle/.pico-sdk/sdk/2.2.0/lib/tinyusb/src/device/usbd.c.obj
LOAD CMakeFiles/testWs2812.dir/C_/Users/jozle/.pico-sdk/sdk/2.2.0/lib/tinyusb/src/device/usbd_control.c.obj
LOAD CMakeFiles/testWs2812.dir/C_/Users/jozle/.pico-sdk/sdk/2.2.0/lib/tinyusb/src/class/audio/audio_device.c.obj
LOAD CMakeFiles/testWs2812.dir/C_/Users/jozle/.pico-sdk/sdk/2.2.0/lib/tinyusb/src/class/cdc/cdc_device.c.obj
LOAD CMakeFiles/testWs2812.dir/C_/Users/jozle/.pico-sdk/sdk/2.2.0/lib/tinyusb/src/class/dfu/dfu_device.c.obj
LOAD CMakeFiles/testWs2812.dir/C_/Users/jozle/.pico-sdk/sdk/2.2.0/lib/tinyusb/src/class/dfu/dfu_rt_device.c.obj
LOAD CMakeFiles/testWs2812.dir/C_/Users/jozle/.pico-sdk/sdk/2.2.0/lib/tinyusb/src/class/hid/hid_device.c.obj
LOAD CMakeFiles/testWs2812.dir/C_/Users/jozle/.pico-sdk/sdk/2.2.0/lib/tinyusb/src/class/midi/midi_device.c.obj
LOAD CMakeFiles/testWs2812.dir/C_/Users/jozle/.pico-sdk/sdk/2.2.0/lib/tinyusb/src/class/msc/msc_device.c.obj
LOAD CMakeFiles/testWs2812.dir/C_/Users/jozle/.pico-sdk/sdk/2.2.0/lib/tinyusb/src/class/net/ecm_rndis_device.c.obj
LOAD CMakeFiles/testWs2812.dir/C_/Users/jozle/.pico-sdk/sdk/2.2.0/lib/tinyusb/src/class/net/ncm_device.c.obj
LOAD CMakeFiles/testWs2812.dir/C_/Users/jozle/.pico-sdk/sdk/2.2.0/lib/tinyusb/src/class/usbtmc/usbtmc_device.c.obj
LOAD CMakeFiles/testWs2812.dir/C_/Users/jozle/.pico-sdk/sdk/2.2.0/lib/tinyusb/src/class/vendor/vendor_device.c.obj
LOAD CMakeFiles/testWs2812.dir/C_/Users/jozle/.pico-sdk/sdk/2.2.0/lib/tinyusb/src/class/video/video_device.c.obj
LOAD CMakeFiles/testWs2812.dir/C_/Users/jozle/.pico-sdk/sdk/2.2.0/lib/tinyusb/src/tusb.c.obj
LOAD CMakeFiles/testWs2812.dir/C_/Users/jozle/.pico-sdk/sdk/2.2.0/lib/tinyusb/src/common/tusb_fifo.c.obj
LOAD CMakeFiles/testWs2812.dir/C_/Users/jozle/.pico-sdk/sdk/2.2.0/src/rp2_common/pico_fix/rp2040_usb_device_enumeration/rp2040_usb_device_enumeration.c.obj
LOAD CMakeFiles/testWs2812.dir/C_/Users/jozle/.pico-sdk/sdk/2.2.0/src/rp2_common/hardware_dma/dma.c.obj
LOAD CMakeFiles/testWs2812.dir/C_/Users/jozle/.pico-sdk/sdk/2.2.0/src/rp2_common/hardware_pio/pio.c.obj
LOAD pico-sdk/src/rp2350/boot_stage2/CMakeFiles/bs2_default_library.dir/./bs2_default_padded_checksummed.S.obj
LOAD C:/Users/jozle/.pico-sdk/toolchain/14_2_Rel1/bin/../lib/gcc/arm-none-eabi/14.2.1/thumb/v8-m.main+fp/softfp\libstdc++.a
LOAD C:/Users/jozle/.pico-sdk/toolchain/14_2_Rel1/bin/../lib/gcc/arm-none-eabi/14.2.1/thumb/v8-m.main+fp/softfp\libm.a
START GROUP
LOAD C:/Users/jozle/.pico-sdk/toolchain/14_2_Rel1/bin/../lib/gcc/arm-none-eabi/14.2.1/thumb/v8-m.main+fp/softfp\libgcc.a
LOAD C:/Users/jozle/.pico-sdk/toolchain/14_2_Rel1/bin/../lib/gcc/arm-none-eabi/14.2.1/thumb/v8-m.main+fp/softfp\libg.a
LOAD C:/Users/jozle/.pico-sdk/toolchain/14_2_Rel1/bin/../lib/gcc/arm-none-eabi/14.2.1/thumb/v8-m.main+fp/softfp\libc.a
END GROUP
START GROUP
LOAD C:/Users/jozle/.pico-sdk/toolchain/14_2_Rel1/bin/../lib/gcc/arm-none-eabi/14.2.1/thumb/v8-m.main+fp/softfp\libgcc.a
LOAD C:/Users/jozle/.pico-sdk/toolchain/14_2_Rel1/bin/../lib/gcc/arm-none-eabi/14.2.1/thumb/v8-m.main+fp/softfp\libc.a
LOAD C:/Users/jozle/.pico-sdk/toolchain/14_2_Rel1/bin/../lib/gcc/arm-none-eabi/14.2.1/thumb/v8-m.main+fp/softfp\libnosys.a
END GROUP
LOAD C:/Users/jozle/.pico-sdk/toolchain/14_2_Rel1/bin/../lib/gcc/arm-none-eabi/14.2.1/thumb/v8-m.main+fp/softfp/crtend.o
LOAD C:/Users/jozle/.pico-sdk/toolchain/14_2_Rel1/bin/../lib/gcc/arm-none-eabi/14.2.1/thumb/v8-m.main+fp/softfp/crtn.o
OUTPUT(testWs2812.elf elf32-littlearm)
LOAD linker stubs

.rel.dyn        0x10005944        0x0
 .rel.iplt      0x10005944        0x0 C:/Users/jozle/.pico-sdk/toolchain/14_2_Rel1/bin/../lib/gcc/arm-none-eabi/14.2.1/thumb/v8-m.main+fp/softfp/crtbegin.o

.ARM.attributes
                0x00000000       0x34
 .ARM.attributes
                0x00000000       0x26 C:/Users/jozle/.pico-sdk/toolchain/14_2_Rel1/bin/../lib/gcc/arm-none-eabi/14.2.1/thumb/v8-m.main+fp/softfp/crti.o
 .ARM.attributes
                0x00000026       0x36 C:/Users/jozle/.pico-sdk/toolchain/14_2_Rel1/bin/../lib/gcc/arm-none-eabi/14.2.1/thumb/v8-m.main+fp/softfp/crtbegin.o
 .ARM.attributes
                0x0000005c       0x38 CMakeFiles/testWs2812.dir/main.c.obj
 .ARM.attributes
                0x00000094       0x38 CMakeFiles/testWs2812.dir/C_/Users/jozle/.pico-sdk/sdk/2.2.0/src/rp2_common/hardware_gpio/gpio.c.obj
 .ARM.attributes
                0x000000cc       0x38 CMakeFiles/testWs2812.dir/C_/Users/jozle/.pico-sdk/sdk/2.2.0/src/rp2_common/pico_platform_panic/panic.c.obj
 .ARM.attributes
                0x00000104       0x38 CMakeFiles/testWs2812.dir/C_/Users/jozle/.pico-sdk/sdk/2.2.0/src/common/hardware_claim/claim.c.obj
 .ARM.attributes
                0x0000013c       0x38 CMakeFiles/testWs2812.dir/C_/Users/jozle/.pico-sdk/sdk/2.2.0/src/rp2_common/hardware_sync/sync.c.obj
 .ARM.attributes
                0x00000174       0x38 CMakeFiles/testWs2812.dir/C_/Users/jozle/.pico-sdk/sdk/2.2.0/src/rp2_common/hardware_sync_spin_lock/sync_spin_lock.c.obj
 .ARM.attributes
                0x000001ac       0x38 CMakeFiles/testWs2812.dir/C_/Users/jozle/.pico-sdk/sdk/2.2.0/src/rp2_common/hardware_irq/irq.c.obj
 .ARM.attributes
                0x000001e4       0x28 CMakeFiles/testWs2812.dir/C_/Users/jozle/.pico-sdk/sdk/2.2.0/src/rp2_common/hardware_irq/irq_handler_chain.S.obj
 .ARM.attributes
                0x0000020c       0x38 CMakeFiles/testWs2812.dir/C_/Users/jozle/.pico-sdk/sdk/2.2.0/src/common/pico_sync/lock_core.c.obj
 .ARM.attributes
                0x00000244       0x38 CMakeFiles/testWs2812.dir/C_/Users/jozle/.pico-sdk/sdk/2.2.0/src/common/pico_sync/mutex.c.obj
 .ARM.attributes
                0x0000027c       0x38 CMakeFiles/testWs2812.dir/C_/Users/jozle/.pico-sdk/sdk/2.2.0/src/common/pico_sync/critical_section.c.obj
 .ARM.attributes
                0x000002b4       0x38 CMakeFiles/testWs2812.dir/C_/Users/jozle/.pico-sdk/sdk/2.2.0/src/common/pico_time/time.c.obj
 .ARM.attributes
                0x000002ec       0x38 CMakeFiles/testWs2812.dir/C_/Users/jozle/.pico-sdk/sdk/2.2.0/src/rp2_common/hardware_timer/timer.c.obj
 .ARM.attributes
                0x00000324       0x38 CMakeFiles/testWs2812.dir/C_/Users/jozle/.pico-sdk/sdk/2.2.0/src/rp2_common/hardware_clocks/clocks.c.obj
 .ARM.attributes
                0x0000035c       0x38 CMakeFiles/testWs2812.dir/C_/Users/jozle/.pico-sdk/sdk/2.2.0/src/rp2_common/hardware_pll/pll.c.obj